[2023-04-07T18:13:45.124+0700][0.013s] CardTable entry size: 512
[2023-04-07T18:13:45.125+0700][0.014s] Using G1
[2023-04-07T18:13:45.264+0700][0.153s] Version: 18.0.1.1+2-6 (release)
[2023-04-07T18:13:45.264+0700][0.153s] CPUs: 8 total, 8 available
[2023-04-07T18:13:45.264+0700][0.153s] Memory: 16251M
[2023-04-07T18:13:45.264+0700][0.153s] Large Page Support: Disabled
[2023-04-07T18:13:45.264+0700][0.153s] NUMA Support: Disabled
[2023-04-07T18:13:45.264+0700][0.153s] Compressed Oops: Enabled (32-bit)
[2023-04-07T18:13:45.265+0700][0.153s] Heap Region Size: 1M
[2023-04-07T18:13:45.265+0700][0.153s] Heap Min Capacity: 512M
[2023-04-07T18:13:45.265+0700][0.153s] Heap Initial Capacity: 512M
[2023-04-07T18:13:45.265+0700][0.153s] Heap Max Capacity: 512M
[2023-04-07T18:13:45.265+0700][0.153s] Pre-touch: Enabled
[2023-04-07T18:13:45.265+0700][0.153s] Parallel Workers: 8
[2023-04-07T18:13:45.265+0700][0.153s] Concurrent Workers: 2
[2023-04-07T18:13:45.265+0700][0.153s] Concurrent Refinement Workers: 8
[2023-04-07T18:13:45.265+0700][0.153s] Periodic GC: Disabled
[2023-04-07T18:13:45.265+0700][0.154s] CDS archive(s) mapped at: [0x0000000800000000-0x0000000800ba0000-0x0000000800ba0000), size 12189696, SharedBaseAddress: 0x0000000800000000, ArchiveRelocationMode: 0.
[2023-04-07T18:13:45.265+0700][0.154s] Compressed class space mapped at: 0x0000000800c00000-0x0000000840c00000, reserved size: 1073741824
[2023-04-07T18:13:45.265+0700][0.154s] Narrow klass base: 0x0000000800000000, Narrow klass shift: 0, Narrow klass range: 0x100000000
[2023-04-07T18:13:47.033+0700][1.921s] GC(0) Pause Young (Normal) (G1 Evacuation Pause)
[2023-04-07T18:13:47.034+0700][1.922s] GC(0) Using 8 workers of 8 for evacuation
[2023-04-07T18:13:47.037+0700][1.926s] GC(0)   Pre Evacuate Collection Set: 0.0ms
[2023-04-07T18:13:47.037+0700][1.926s] GC(0)   Merge Heap Roots: 0.0ms
[2023-04-07T18:13:47.037+0700][1.926s] GC(0)   Evacuate Collection Set: 2.1ms
[2023-04-07T18:13:47.037+0700][1.926s] GC(0)   Post Evacuate Collection Set: 0.7ms
[2023-04-07T18:13:47.038+0700][1.926s] GC(0)   Other: 0.5ms
[2023-04-07T18:13:47.038+0700][1.926s] GC(0) Eden regions: 29->0(38)
[2023-04-07T18:13:47.038+0700][1.926s] GC(0) Survivor regions: 0->4(4)
[2023-04-07T18:13:47.038+0700][1.926s] GC(0) Old regions: 0->1
[2023-04-07T18:13:47.038+0700][1.926s] GC(0) Archive regions: 0->0
[2023-04-07T18:13:47.038+0700][1.926s] GC(0) Humongous regions: 4->4
[2023-04-07T18:13:47.038+0700][1.926s] GC(0) Metaspace: 10114K(10368K)->10114K(10368K) NonClass: 8943K(9088K)->8943K(9088K) Class: 1171K(1280K)->1171K(1280K)
[2023-04-07T18:13:47.038+0700][1.926s] GC(0) Pause Young (Normal) (G1 Evacuation Pause) 33M->8M(512M) 4.711ms
[2023-04-07T18:13:47.038+0700][1.926s] GC(0) User=0.09s Sys=0.00s Real=0.01s
[2023-04-07T18:13:47.498+0700][2.386s] GC(1) Pause Young (Normal) (G1 Evacuation Pause)
[2023-04-07T18:13:47.498+0700][2.386s] GC(1) Using 8 workers of 8 for evacuation
[2023-04-07T18:13:47.504+0700][2.392s] GC(1)   Pre Evacuate Collection Set: 0.1ms
[2023-04-07T18:13:47.504+0700][2.392s] GC(1)   Merge Heap Roots: 0.0ms
[2023-04-07T18:13:47.504+0700][2.392s] GC(1)   Evacuate Collection Set: 5.2ms
[2023-04-07T18:13:47.504+0700][2.392s] GC(1)   Post Evacuate Collection Set: 0.5ms
[2023-04-07T18:13:47.504+0700][2.392s] GC(1)   Other: 0.1ms
[2023-04-07T18:13:47.504+0700][2.392s] GC(1) Eden regions: 35->0(48)
[2023-04-07T18:13:47.504+0700][2.392s] GC(1) Survivor regions: 4->5(5)
[2023-04-07T18:13:47.504+0700][2.392s] GC(1) Old regions: 1->11
[2023-04-07T18:13:47.504+0700][2.392s] GC(1) Archive regions: 0->0
[2023-04-07T18:13:47.504+0700][2.392s] GC(1) Humongous regions: 4->4
[2023-04-07T18:13:47.504+0700][2.392s] GC(1) Metaspace: 15861K(16192K)->15861K(16192K) NonClass: 14046K(14208K)->14046K(14208K) Class: 1814K(1984K)->1814K(1984K)
[2023-04-07T18:13:47.504+0700][2.392s] GC(1) Pause Young (Normal) (G1 Evacuation Pause) 43M->19M(512M) 6.032ms
[2023-04-07T18:13:47.504+0700][2.392s] GC(1) User=0.00s Sys=0.00s Real=0.01s
[2023-04-07T18:13:47.886+0700][2.774s] GC(2) Pause Young (Concurrent Start) (Metadata GC Threshold)
[2023-04-07T18:13:47.886+0700][2.774s] GC(2) Using 8 workers of 8 for evacuation
[2023-04-07T18:13:47.889+0700][2.777s] GC(2)   Pre Evacuate Collection Set: 0.2ms
[2023-04-07T18:13:47.889+0700][2.777s] GC(2)   Merge Heap Roots: 0.0ms
[2023-04-07T18:13:47.889+0700][2.777s] GC(2)   Evacuate Collection Set: 2.2ms
[2023-04-07T18:13:47.889+0700][2.777s] GC(2)   Post Evacuate Collection Set: 0.5ms
[2023-04-07T18:13:47.889+0700][2.777s] GC(2)   Other: 0.3ms
[2023-04-07T18:13:47.889+0700][2.777s] GC(2) Eden regions: 45->0(140)
[2023-04-07T18:13:47.889+0700][2.777s] GC(2) Survivor regions: 5->5(7)
[2023-04-07T18:13:47.889+0700][2.777s] GC(2) Old regions: 11->16
[2023-04-07T18:13:47.889+0700][2.777s] GC(2) Archive regions: 0->0
[2023-04-07T18:13:47.889+0700][2.777s] GC(2) Humongous regions: 4->4
[2023-04-07T18:13:47.889+0700][2.777s] GC(2) Metaspace: 21170K(21504K)->21170K(21504K) NonClass: 18835K(19008K)->18835K(19008K) Class: 2335K(2496K)->2335K(2496K)
[2023-04-07T18:13:47.889+0700][2.778s] GC(2) Pause Young (Concurrent Start) (Metadata GC Threshold) 63M->24M(512M) 3.424ms
[2023-04-07T18:13:47.889+0700][2.778s] GC(3) Concurrent Mark Cycle
[2023-04-07T18:13:47.889+0700][2.778s] GC(2) User=0.00s Sys=0.00s Real=0.00s
[2023-04-07T18:13:47.889+0700][2.778s] GC(3) Concurrent Clear Claimed Marks
[2023-04-07T18:13:47.889+0700][2.778s] GC(3) Concurrent Clear Claimed Marks 0.035ms
[2023-04-07T18:13:47.889+0700][2.778s] GC(3) Concurrent Scan Root Regions
[2023-04-07T18:13:47.891+0700][2.779s] GC(3) Concurrent Scan Root Regions 1.421ms
[2023-04-07T18:13:47.891+0700][2.779s] GC(3) Concurrent Mark
[2023-04-07T18:13:47.891+0700][2.779s] GC(3) Concurrent Mark From Roots
[2023-04-07T18:13:47.891+0700][2.779s] GC(3) Using 2 workers of 2 for marking
[2023-04-07T18:13:47.898+0700][2.786s] GC(3) Concurrent Mark From Roots 7.142ms
[2023-04-07T18:13:47.898+0700][2.786s] GC(3) Concurrent Preclean
[2023-04-07T18:13:47.898+0700][2.786s] GC(3) Concurrent Preclean 0.030ms
[2023-04-07T18:13:47.898+0700][2.786s] GC(3) Pause Remark
[2023-04-07T18:13:47.899+0700][2.788s] GC(3) Pause Remark 25M->25M(512M) 1.296ms
[2023-04-07T18:13:47.899+0700][2.788s] GC(3) User=0.00s Sys=0.00s Real=0.00s
[2023-04-07T18:13:47.899+0700][2.788s] GC(3) Concurrent Mark 8.704ms
[2023-04-07T18:13:47.899+0700][2.788s] GC(3) Concurrent Rebuild Remembered Sets
[2023-04-07T18:13:47.903+0700][2.792s] GC(3) Concurrent Rebuild Remembered Sets 3.906ms
[2023-04-07T18:13:47.903+0700][2.792s] GC(3) Pause Cleanup
[2023-04-07T18:13:47.904+0700][2.792s] GC(3) Pause Cleanup 26M->26M(512M) 0.065ms
[2023-04-07T18:13:47.904+0700][2.792s] GC(3) User=0.00s Sys=0.00s Real=0.00s
[2023-04-07T18:13:47.904+0700][2.792s] GC(3) Concurrent Cleanup for Next Mark
[2023-04-07T18:13:47.904+0700][2.792s] GC(3) Concurrent Cleanup for Next Mark 0.273ms
[2023-04-07T18:13:47.904+0700][2.792s] GC(3) Concurrent Mark Cycle 14.817ms
[2023-04-07T18:13:53.544+0700][8.433s] GC(4) Pause Young (Prepare Mixed) (Metadata GC Threshold)
[2023-04-07T18:13:53.544+0700][8.433s] GC(4) Using 8 workers of 8 for evacuation
[2023-04-07T18:13:53.549+0700][8.438s] GC(4)   Pre Evacuate Collection Set: 0.1ms
[2023-04-07T18:13:53.549+0700][8.438s] GC(4)   Merge Heap Roots: 0.0ms
[2023-04-07T18:13:53.549+0700][8.438s] GC(4)   Evacuate Collection Set: 4.2ms
[2023-04-07T18:13:53.549+0700][8.438s] GC(4)   Post Evacuate Collection Set: 0.6ms
[2023-04-07T18:13:53.549+0700][8.438s] GC(4)   Other: 0.1ms
[2023-04-07T18:13:53.549+0700][8.438s] GC(4) Eden regions: 81->0(13)
[2023-04-07T18:13:53.549+0700][8.438s] GC(4) Survivor regions: 5->12(19)
[2023-04-07T18:13:53.549+0700][8.438s] GC(4) Old regions: 16->16
[2023-04-07T18:13:53.549+0700][8.438s] GC(4) Archive regions: 0->0
[2023-04-07T18:13:53.549+0700][8.438s] GC(4) Humongous regions: 5->4
[2023-04-07T18:13:53.549+0700][8.438s] GC(4) Metaspace: 35724K(36160K)->35724K(36160K) NonClass: 31595K(31808K)->31595K(31808K) Class: 4129K(4352K)->4129K(4352K)
[2023-04-07T18:13:53.550+0700][8.439s] GC(4) Pause Young (Prepare Mixed) (Metadata GC Threshold) 106M->31M(512M) 5.282ms
[2023-04-07T18:13:53.550+0700][8.439s] GC(4) User=0.00s Sys=0.00s Real=0.01s
[2023-04-07T18:13:53.596+0700][8.484s] GC(5) Pause Young (Mixed) (Metadata GC Threshold)
[2023-04-07T18:13:53.596+0700][8.485s] GC(5) Using 8 workers of 8 for evacuation
[2023-04-07T18:13:53.600+0700][8.489s] GC(5)   Pre Evacuate Collection Set: 0.0ms
[2023-04-07T18:13:53.600+0700][8.489s] GC(5)   Merge Heap Roots: 0.0ms
[2023-04-07T18:13:53.600+0700][8.489s] GC(5)   Evacuate Collection Set: 4.0ms
[2023-04-07T18:13:53.600+0700][8.489s] GC(5)   Post Evacuate Collection Set: 0.3ms
[2023-04-07T18:13:53.600+0700][8.489s] GC(5)   Other: 0.1ms
[2023-04-07T18:13:53.600+0700][8.489s] GC(5) Eden regions: 3->0(305)
[2023-04-07T18:13:53.600+0700][8.489s] GC(5) Survivor regions: 12->2(4)
[2023-04-07T18:13:53.600+0700][8.489s] GC(5) Old regions: 16->28
[2023-04-07T18:13:53.600+0700][8.489s] GC(5) Archive regions: 0->0
[2023-04-07T18:13:53.600+0700][8.489s] GC(5) Humongous regions: 4->4
[2023-04-07T18:13:53.600+0700][8.489s] GC(5) Metaspace: 36113K(36480K)->36113K(36480K) NonClass: 31942K(32128K)->31942K(32128K) Class: 4171K(4352K)->4171K(4352K)
[2023-04-07T18:13:53.600+0700][8.489s] GC(5) Pause Young (Mixed) (Metadata GC Threshold) 34M->32M(512M) 4.794ms
[2023-04-07T18:13:53.600+0700][8.489s] GC(5) User=0.06s Sys=0.00s Real=0.00s
[2023-04-07T18:13:53.624+0700][8.513s] GC(6) Pause Young (Concurrent Start) (Metadata GC Threshold)
[2023-04-07T18:13:53.624+0700][8.513s] GC(6) Using 8 workers of 8 for evacuation
[2023-04-07T18:13:53.625+0700][8.514s] GC(6)   Pre Evacuate Collection Set: 0.1ms
[2023-04-07T18:13:53.625+0700][8.514s] GC(6)   Merge Heap Roots: 0.0ms
[2023-04-07T18:13:53.625+0700][8.514s] GC(6)   Evacuate Collection Set: 0.6ms
[2023-04-07T18:13:53.625+0700][8.514s] GC(6)   Post Evacuate Collection Set: 0.2ms
[2023-04-07T18:13:53.625+0700][8.514s] GC(6)   Other: 0.1ms
[2023-04-07T18:13:53.626+0700][8.514s] GC(6) Eden regions: 2->0(306)
[2023-04-07T18:13:53.626+0700][8.514s] GC(6) Survivor regions: 2->1(39)
[2023-04-07T18:13:53.626+0700][8.514s] GC(6) Old regions: 28->28
[2023-04-07T18:13:53.626+0700][8.514s] GC(6) Archive regions: 0->0
[2023-04-07T18:13:53.626+0700][8.514s] GC(6) Humongous regions: 4->4
[2023-04-07T18:13:53.626+0700][8.514s] GC(6) Metaspace: 36418K(36800K)->36418K(36800K) NonClass: 32199K(32384K)->32199K(32384K) Class: 4218K(4416K)->4218K(4416K)
[2023-04-07T18:13:53.626+0700][8.514s] GC(6) Pause Young (Concurrent Start) (Metadata GC Threshold) 33M->31M(512M) 1.239ms
[2023-04-07T18:13:53.626+0700][8.514s] GC(7) Concurrent Mark Cycle
[2023-04-07T18:13:53.626+0700][8.514s] GC(6) User=0.00s Sys=0.00s Real=0.00s
[2023-04-07T18:13:53.626+0700][8.514s] GC(7) Concurrent Clear Claimed Marks
[2023-04-07T18:13:53.626+0700][8.514s] GC(7) Concurrent Clear Claimed Marks 0.075ms
[2023-04-07T18:13:53.626+0700][8.514s] GC(7) Concurrent Scan Root Regions
[2023-04-07T18:13:53.626+0700][8.515s] GC(7) Concurrent Scan Root Regions 0.349ms
[2023-04-07T18:13:53.626+0700][8.515s] GC(7) Concurrent Mark
[2023-04-07T18:13:53.626+0700][8.515s] GC(7) Concurrent Mark From Roots
[2023-04-07T18:13:53.626+0700][8.515s] GC(7) Using 2 workers of 2 for marking
[2023-04-07T18:13:53.649+0700][8.538s] GC(7) Concurrent Mark From Roots 22.944ms
[2023-04-07T18:13:53.649+0700][8.538s] GC(7) Concurrent Preclean
[2023-04-07T18:13:53.649+0700][8.538s] GC(7) Concurrent Preclean 0.111ms
[2023-04-07T18:13:53.650+0700][8.538s] GC(7) Pause Remark
[2023-04-07T18:13:53.653+0700][8.541s] GC(7) Pause Remark 35M->35M(512M) 3.501ms
[2023-04-07T18:13:53.653+0700][8.541s] GC(7) User=0.00s Sys=0.00s Real=0.00s
[2023-04-07T18:13:53.653+0700][8.542s] GC(7) Concurrent Mark 27.110ms
[2023-04-07T18:13:53.653+0700][8.542s] GC(7) Concurrent Rebuild Remembered Sets
[2023-04-07T18:13:53.664+0700][8.552s] GC(7) Concurrent Rebuild Remembered Sets 10.189ms
[2023-04-07T18:13:53.664+0700][8.552s] GC(7) Pause Cleanup
[2023-04-07T18:13:53.664+0700][8.552s] GC(7) Pause Cleanup 35M->35M(512M) 0.098ms
[2023-04-07T18:13:53.664+0700][8.552s] GC(7) User=0.00s Sys=0.00s Real=0.00s
[2023-04-07T18:13:53.664+0700][8.552s] GC(7) Concurrent Cleanup for Next Mark
[2023-04-07T18:13:53.664+0700][8.553s] GC(7) Concurrent Cleanup for Next Mark 0.364ms
[2023-04-07T18:13:53.664+0700][8.553s] GC(7) Concurrent Mark Cycle 38.511ms
[2023-04-07T19:33:55.365+0700][4810.254s] GC(8) Pause Young (Normal) (G1 Evacuation Pause)
[2023-04-07T19:33:55.365+0700][4810.254s] GC(8) Using 8 workers of 8 for evacuation
[2023-04-07T19:33:55.377+0700][4810.265s] GC(8)   Pre Evacuate Collection Set: 0.1ms
[2023-04-07T19:33:55.377+0700][4810.265s] GC(8)   Merge Heap Roots: 0.1ms
[2023-04-07T19:33:55.377+0700][4810.265s] GC(8)   Evacuate Collection Set: 10.2ms
[2023-04-07T19:33:55.377+0700][4810.265s] GC(8)   Post Evacuate Collection Set: 1.0ms
[2023-04-07T19:33:55.377+0700][4810.265s] GC(8)   Other: 0.1ms
[2023-04-07T19:33:55.377+0700][4810.265s] GC(8) Eden regions: 306->0(287)
[2023-04-07T19:33:55.377+0700][4810.265s] GC(8) Survivor regions: 1->20(39)
[2023-04-07T19:33:55.377+0700][4810.265s] GC(8) Old regions: 28->28
[2023-04-07T19:33:55.377+0700][4810.265s] GC(8) Archive regions: 0->0
[2023-04-07T19:33:55.377+0700][4810.265s] GC(8) Humongous regions: 4->4
[2023-04-07T19:33:55.377+0700][4810.265s] GC(8) Metaspace: 50692K(51264K)->50692K(51264K) NonClass: 44816K(45120K)->44816K(45120K) Class: 5875K(6144K)->5875K(6144K)
[2023-04-07T19:33:55.377+0700][4810.265s] GC(8) Pause Young (Normal) (G1 Evacuation Pause) 337M->51M(512M) 11.635ms
[2023-04-07T19:33:55.377+0700][4810.265s] GC(8) User=0.00s Sys=0.00s Real=0.01s
[2023-04-07T22:10:59.796+0700][14234.685s] GC(9) Pause Young (Normal) (G1 Evacuation Pause)
[2023-04-07T22:10:59.797+0700][14234.686s] GC(9) Using 8 workers of 8 for evacuation
[2023-04-07T22:10:59.815+0700][14234.704s] GC(9)   Pre Evacuate Collection Set: 0.4ms
[2023-04-07T22:10:59.815+0700][14234.704s] GC(9)   Merge Heap Roots: 0.3ms
[2023-04-07T22:10:59.815+0700][14234.704s] GC(9)   Evacuate Collection Set: 16.0ms
[2023-04-07T22:10:59.815+0700][14234.704s] GC(9)   Post Evacuate Collection Set: 1.5ms
[2023-04-07T22:10:59.815+0700][14234.704s] GC(9)   Other: 0.4ms
[2023-04-07T22:10:59.815+0700][14234.704s] GC(9) Eden regions: 287->0(286)
[2023-04-07T22:10:59.815+0700][14234.704s] GC(9) Survivor regions: 20->21(39)
[2023-04-07T22:10:59.815+0700][14234.704s] GC(9) Old regions: 28->28
[2023-04-07T22:10:59.815+0700][14234.704s] GC(9) Archive regions: 0->0
[2023-04-07T22:10:59.815+0700][14234.704s] GC(9) Humongous regions: 7->7
[2023-04-07T22:10:59.815+0700][14234.704s] GC(9) Metaspace: 52018K(52544K)->52018K(52544K) NonClass: 46096K(46400K)->46096K(46400K) Class: 5922K(6144K)->5922K(6144K)
[2023-04-07T22:10:59.815+0700][14234.704s] GC(9) Pause Young (Normal) (G1 Evacuation Pause) 341M->55M(512M) 19.130ms
[2023-04-07T22:10:59.815+0700][14234.704s] GC(9) User=0.03s Sys=0.06s Real=0.02s
[2023-04-07T22:32:03.888+0700][15498.777s] Heap
[2023-04-07T22:32:03.888+0700][15498.777s]  garbage-first heap   total 524288K, used 92198K [0x00000000e0000000, 0x0000000100000000)
[2023-04-07T22:32:03.888+0700][15498.777s]   region size 1024K, 56 young (57344K), 21 survivors (21504K)
[2023-04-07T22:32:03.888+0700][15498.777s]  Metaspace       used 52458K, committed 52928K, reserved 1114112K
[2023-04-07T22:32:03.888+0700][15498.777s]   class space    used 5981K, committed 6208K, reserved 1048576K
