[2023-04-08T22:31:56.874+0700][0.015s] CardTable entry size: 512
[2023-04-08T22:31:56.874+0700][0.015s] Using G1
[2023-04-08T22:31:57.024+0700][0.166s] Version: 18.0.1.1+2-6 (release)
[2023-04-08T22:31:57.024+0700][0.166s] CPUs: 8 total, 8 available
[2023-04-08T22:31:57.024+0700][0.166s] Memory: 16251M
[2023-04-08T22:31:57.024+0700][0.166s] Large Page Support: Disabled
[2023-04-08T22:31:57.024+0700][0.166s] NUMA Support: Disabled
[2023-04-08T22:31:57.024+0700][0.166s] Compressed Oops: Enabled (32-bit)
[2023-04-08T22:31:57.024+0700][0.166s] Heap Region Size: 1M
[2023-04-08T22:31:57.024+0700][0.166s] Heap Min Capacity: 512M
[2023-04-08T22:31:57.024+0700][0.166s] Heap Initial Capacity: 512M
[2023-04-08T22:31:57.024+0700][0.166s] Heap Max Capacity: 512M
[2023-04-08T22:31:57.025+0700][0.166s] Pre-touch: Enabled
[2023-04-08T22:31:57.025+0700][0.166s] Parallel Workers: 8
[2023-04-08T22:31:57.025+0700][0.166s] Concurrent Workers: 2
[2023-04-08T22:31:57.025+0700][0.166s] Concurrent Refinement Workers: 8
[2023-04-08T22:31:57.025+0700][0.166s] Periodic GC: Disabled
[2023-04-08T22:31:57.025+0700][0.167s] CDS archive(s) mapped at: [0x0000000800000000-0x0000000800ba0000-0x0000000800ba0000), size 12189696, SharedBaseAddress: 0x0000000800000000, ArchiveRelocationMode: 0.
[2023-04-08T22:31:57.025+0700][0.167s] Compressed class space mapped at: 0x0000000800c00000-0x0000000840c00000, reserved size: 1073741824
[2023-04-08T22:31:57.025+0700][0.167s] Narrow klass base: 0x0000000800000000, Narrow klass shift: 0, Narrow klass range: 0x100000000
[2023-04-08T22:31:58.917+0700][2.058s] GC(0) Pause Young (Normal) (G1 Evacuation Pause)
[2023-04-08T22:31:58.917+0700][2.058s] GC(0) Using 8 workers of 8 for evacuation
[2023-04-08T22:31:58.920+0700][2.061s] GC(0)   Pre Evacuate Collection Set: 0.0ms
[2023-04-08T22:31:58.920+0700][2.061s] GC(0)   Merge Heap Roots: 0.0ms
[2023-04-08T22:31:58.920+0700][2.061s] GC(0)   Evacuate Collection Set: 2.4ms
[2023-04-08T22:31:58.920+0700][2.061s] GC(0)   Post Evacuate Collection Set: 0.4ms
[2023-04-08T22:31:58.920+0700][2.062s] GC(0)   Other: 0.3ms
[2023-04-08T22:31:58.920+0700][2.062s] GC(0) Eden regions: 29->0(38)
[2023-04-08T22:31:58.920+0700][2.062s] GC(0) Survivor regions: 0->4(4)
[2023-04-08T22:31:58.920+0700][2.062s] GC(0) Old regions: 0->2
[2023-04-08T22:31:58.920+0700][2.062s] GC(0) Archive regions: 0->0
[2023-04-08T22:31:58.920+0700][2.062s] GC(0) Humongous regions: 4->4
[2023-04-08T22:31:58.920+0700][2.062s] GC(0) Metaspace: 10123K(10368K)->10123K(10368K) NonClass: 8952K(9088K)->8952K(9088K) Class: 1171K(1280K)->1171K(1280K)
[2023-04-08T22:31:58.921+0700][2.062s] GC(0) Pause Young (Normal) (G1 Evacuation Pause) 33M->9M(512M) 3.670ms
[2023-04-08T22:31:58.921+0700][2.062s] GC(0) User=0.00s Sys=0.00s Real=0.00s
[2023-04-08T22:31:59.407+0700][2.548s] GC(1) Pause Young (Normal) (G1 Evacuation Pause)
[2023-04-08T22:31:59.407+0700][2.548s] GC(1) Using 8 workers of 8 for evacuation
[2023-04-08T22:31:59.413+0700][2.554s] GC(1)   Pre Evacuate Collection Set: 0.0ms
[2023-04-08T22:31:59.413+0700][2.554s] GC(1)   Merge Heap Roots: 0.0ms
[2023-04-08T22:31:59.413+0700][2.554s] GC(1)   Evacuate Collection Set: 5.5ms
[2023-04-08T22:31:59.413+0700][2.554s] GC(1)   Post Evacuate Collection Set: 0.5ms
[2023-04-08T22:31:59.413+0700][2.554s] GC(1)   Other: 0.1ms
[2023-04-08T22:31:59.413+0700][2.554s] GC(1) Eden regions: 36->0(49)
[2023-04-08T22:31:59.413+0700][2.554s] GC(1) Survivor regions: 4->5(5)
[2023-04-08T22:31:59.413+0700][2.554s] GC(1) Old regions: 2->11
[2023-04-08T22:31:59.413+0700][2.554s] GC(1) Archive regions: 0->0
[2023-04-08T22:31:59.413+0700][2.554s] GC(1) Humongous regions: 4->4
[2023-04-08T22:31:59.413+0700][2.554s] GC(1) Metaspace: 15864K(16192K)->15864K(16192K) NonClass: 14049K(14208K)->14049K(14208K) Class: 1814K(1984K)->1814K(1984K)
[2023-04-08T22:31:59.413+0700][2.555s] GC(1) Pause Young (Normal) (G1 Evacuation Pause) 45M->19M(512M) 6.298ms
[2023-04-08T22:31:59.413+0700][2.555s] GC(1) User=0.05s Sys=0.00s Real=0.01s
[2023-04-08T22:31:59.848+0700][2.989s] GC(2) Pause Young (Concurrent Start) (Metadata GC Threshold)
[2023-04-08T22:31:59.848+0700][2.989s] GC(2) Using 8 workers of 8 for evacuation
[2023-04-08T22:31:59.851+0700][2.992s] GC(2)   Pre Evacuate Collection Set: 0.2ms
[2023-04-08T22:31:59.851+0700][2.992s] GC(2)   Merge Heap Roots: 0.0ms
[2023-04-08T22:31:59.851+0700][2.992s] GC(2)   Evacuate Collection Set: 2.3ms
[2023-04-08T22:31:59.851+0700][2.992s] GC(2)   Post Evacuate Collection Set: 0.4ms
[2023-04-08T22:31:59.851+0700][2.992s] GC(2)   Other: 0.0ms
[2023-04-08T22:31:59.851+0700][2.992s] GC(2) Eden regions: 44->0(75)
[2023-04-08T22:31:59.851+0700][2.992s] GC(2) Survivor regions: 5->5(7)
[2023-04-08T22:31:59.851+0700][2.992s] GC(2) Old regions: 11->17
[2023-04-08T22:31:59.851+0700][2.992s] GC(2) Archive regions: 0->0
[2023-04-08T22:31:59.851+0700][2.992s] GC(2) Humongous regions: 4->4
[2023-04-08T22:31:59.851+0700][2.992s] GC(2) Metaspace: 21170K(21504K)->21170K(21504K) NonClass: 18835K(19008K)->18835K(19008K) Class: 2334K(2496K)->2334K(2496K)
[2023-04-08T22:31:59.851+0700][2.992s] GC(2) Pause Young (Concurrent Start) (Metadata GC Threshold) 63M->24M(512M) 3.382ms
[2023-04-08T22:31:59.851+0700][2.992s] GC(3) Concurrent Mark Cycle
[2023-04-08T22:31:59.851+0700][2.992s] GC(2) User=0.12s Sys=0.00s Real=0.00s
[2023-04-08T22:31:59.851+0700][2.993s] GC(3) Concurrent Clear Claimed Marks
[2023-04-08T22:31:59.851+0700][2.993s] GC(3) Concurrent Clear Claimed Marks 0.042ms
[2023-04-08T22:31:59.851+0700][2.993s] GC(3) Concurrent Scan Root Regions
[2023-04-08T22:31:59.852+0700][2.994s] GC(3) Concurrent Scan Root Regions 1.415ms
[2023-04-08T22:31:59.853+0700][2.994s] GC(3) Concurrent Mark
[2023-04-08T22:31:59.853+0700][2.994s] GC(3) Concurrent Mark From Roots
[2023-04-08T22:31:59.853+0700][2.994s] GC(3) Using 2 workers of 2 for marking
[2023-04-08T22:31:59.860+0700][3.001s] GC(3) Concurrent Mark From Roots 7.082ms
[2023-04-08T22:31:59.860+0700][3.001s] GC(3) Concurrent Preclean
[2023-04-08T22:31:59.860+0700][3.001s] GC(3) Concurrent Preclean 0.031ms
[2023-04-08T22:31:59.860+0700][3.001s] GC(3) Pause Remark
[2023-04-08T22:31:59.861+0700][3.003s] GC(3) Pause Remark 25M->25M(512M) 1.419ms
[2023-04-08T22:31:59.861+0700][3.003s] GC(3) User=0.00s Sys=0.00s Real=0.00s
[2023-04-08T22:31:59.861+0700][3.003s] GC(3) Concurrent Mark 8.815ms
[2023-04-08T22:31:59.861+0700][3.003s] GC(3) Concurrent Rebuild Remembered Sets
[2023-04-08T22:31:59.865+0700][3.007s] GC(3) Concurrent Rebuild Remembered Sets 4.032ms
[2023-04-08T22:31:59.866+0700][3.007s] GC(3) Pause Cleanup
[2023-04-08T22:31:59.866+0700][3.007s] GC(3) Pause Cleanup 26M->26M(512M) 0.085ms
[2023-04-08T22:31:59.866+0700][3.007s] GC(3) User=0.00s Sys=0.00s Real=0.00s
[2023-04-08T22:31:59.866+0700][3.007s] GC(3) Concurrent Cleanup for Next Mark
[2023-04-08T22:31:59.866+0700][3.008s] GC(3) Concurrent Cleanup for Next Mark 0.241ms
[2023-04-08T22:31:59.866+0700][3.008s] GC(3) Concurrent Mark Cycle 15.154ms
[2023-04-08T22:32:00.774+0700][3.916s] GC(4) Pause Young (Normal) (G1 Evacuation Pause)
[2023-04-08T22:32:00.774+0700][3.916s] GC(4) Using 8 workers of 8 for evacuation
[2023-04-08T22:32:00.778+0700][3.920s] GC(4)   Pre Evacuate Collection Set: 0.0ms
[2023-04-08T22:32:00.778+0700][3.920s] GC(4)   Merge Heap Roots: 0.1ms
[2023-04-08T22:32:00.778+0700][3.920s] GC(4)   Evacuate Collection Set: 3.1ms
[2023-04-08T22:32:00.778+0700][3.920s] GC(4)   Post Evacuate Collection Set: 0.5ms
[2023-04-08T22:32:00.778+0700][3.920s] GC(4)   Other: 0.1ms
[2023-04-08T22:32:00.778+0700][3.920s] GC(4) Eden regions: 75->0(297)
[2023-04-08T22:32:00.778+0700][3.920s] GC(4) Survivor regions: 5->10(10)
[2023-04-08T22:32:00.778+0700][3.920s] GC(4) Old regions: 17->17
[2023-04-08T22:32:00.778+0700][3.920s] GC(4) Archive regions: 0->0
[2023-04-08T22:32:00.778+0700][3.920s] GC(4) Humongous regions: 4->4
[2023-04-08T22:32:00.778+0700][3.920s] GC(4) Metaspace: 34705K(35136K)->34705K(35136K) NonClass: 30702K(30976K)->30702K(30976K) Class: 4002K(4160K)->4002K(4160K)
[2023-04-08T22:32:00.778+0700][3.920s] GC(4) Pause Young (Normal) (G1 Evacuation Pause) 99M->30M(512M) 4.052ms
[2023-04-08T22:32:00.779+0700][3.920s] GC(4) User=0.00s Sys=0.00s Real=0.01s
[2023-04-08T22:32:00.843+0700][3.985s] GC(5) Pause Young (Concurrent Start) (Metadata GC Threshold)
[2023-04-08T22:32:00.843+0700][3.985s] GC(5) Using 8 workers of 8 for evacuation
[2023-04-08T22:32:00.847+0700][3.989s] GC(5)   Pre Evacuate Collection Set: 0.1ms
[2023-04-08T22:32:00.847+0700][3.989s] GC(5)   Merge Heap Roots: 0.0ms
[2023-04-08T22:32:00.847+0700][3.989s] GC(5)   Evacuate Collection Set: 3.3ms
[2023-04-08T22:32:00.847+0700][3.989s] GC(5)   Post Evacuate Collection Set: 0.4ms
[2023-04-08T22:32:00.847+0700][3.989s] GC(5)   Other: 0.1ms
[2023-04-08T22:32:00.847+0700][3.989s] GC(5) Eden regions: 12->0(295)
[2023-04-08T22:32:00.847+0700][3.989s] GC(5) Survivor regions: 10->12(39)
[2023-04-08T22:32:00.847+0700][3.989s] GC(5) Old regions: 17->17
[2023-04-08T22:32:00.847+0700][3.989s] GC(5) Archive regions: 0->0
[2023-04-08T22:32:00.847+0700][3.989s] GC(5) Humongous regions: 5->4
[2023-04-08T22:32:00.847+0700][3.989s] GC(5) Metaspace: 35792K(36160K)->35792K(36160K) NonClass: 31636K(31808K)->31636K(31808K) Class: 4156K(4352K)->4156K(4352K)
[2023-04-08T22:32:00.847+0700][3.989s] GC(5) Pause Young (Concurrent Start) (Metadata GC Threshold) 43M->32M(512M) 4.020ms
[2023-04-08T22:32:00.847+0700][3.989s] GC(6) Concurrent Mark Cycle
[2023-04-08T22:32:00.847+0700][3.989s] GC(5) User=0.00s Sys=0.00s Real=0.00s
[2023-04-08T22:32:00.847+0700][3.989s] GC(6) Concurrent Clear Claimed Marks
[2023-04-08T22:32:00.847+0700][3.989s] GC(6) Concurrent Clear Claimed Marks 0.039ms
[2023-04-08T22:32:00.847+0700][3.989s] GC(6) Concurrent Scan Root Regions
[2023-04-08T22:32:00.850+0700][3.992s] GC(6) Concurrent Scan Root Regions 2.898ms
[2023-04-08T22:32:00.850+0700][3.992s] GC(6) Concurrent Mark
[2023-04-08T22:32:00.850+0700][3.992s] GC(6) Concurrent Mark From Roots
[2023-04-08T22:32:00.850+0700][3.992s] GC(6) Using 2 workers of 2 for marking
[2023-04-08T22:32:00.861+0700][4.002s] GC(6) Concurrent Mark From Roots 10.580ms
[2023-04-08T22:32:00.861+0700][4.002s] GC(6) Concurrent Preclean
[2023-04-08T22:32:00.861+0700][4.003s] GC(6) Concurrent Preclean 0.067ms
[2023-04-08T22:32:00.861+0700][4.003s] GC(6) Pause Remark
[2023-04-08T22:32:00.863+0700][4.004s] GC(6) Pause Remark 34M->34M(512M) 1.516ms
[2023-04-08T22:32:00.863+0700][4.004s] GC(6) User=0.00s Sys=0.00s Real=0.00s
[2023-04-08T22:32:00.863+0700][4.005s] GC(6) Concurrent Mark 12.835ms
[2023-04-08T22:32:00.863+0700][4.005s] GC(6) Concurrent Rebuild Remembered Sets
[2023-04-08T22:32:00.870+0700][4.011s] GC(6) Concurrent Rebuild Remembered Sets 6.674ms
[2023-04-08T22:32:00.870+0700][4.012s] GC(6) Pause Cleanup
[2023-04-08T22:32:00.870+0700][4.012s] GC(6) Pause Cleanup 34M->34M(512M) 0.098ms
[2023-04-08T22:32:00.870+0700][4.012s] GC(6) User=0.00s Sys=0.00s Real=0.00s
[2023-04-08T22:32:00.871+0700][4.012s] GC(6) Concurrent Cleanup for Next Mark
[2023-04-08T22:32:00.871+0700][4.013s] GC(6) Concurrent Cleanup for Next Mark 0.351ms
[2023-04-08T22:32:00.871+0700][4.013s] GC(6) Concurrent Mark Cycle 23.814ms
[2023-04-08T23:30:28.436+0700][3511.578s] GC(7) Pause Young (Normal) (G1 Evacuation Pause)
[2023-04-08T23:30:28.437+0700][3511.578s] GC(7) Using 8 workers of 8 for evacuation
[2023-04-08T23:30:28.484+0700][3511.625s] GC(7)   Pre Evacuate Collection Set: 0.2ms
[2023-04-08T23:30:28.484+0700][3511.625s] GC(7)   Merge Heap Roots: 0.1ms
[2023-04-08T23:30:28.484+0700][3511.625s] GC(7)   Evacuate Collection Set: 45.0ms
[2023-04-08T23:30:28.484+0700][3511.625s] GC(7)   Post Evacuate Collection Set: 2.0ms
[2023-04-08T23:30:28.484+0700][3511.625s] GC(7)   Other: 0.1ms
[2023-04-08T23:30:28.484+0700][3511.625s] GC(7) Eden regions: 295->0(275)
[2023-04-08T23:30:28.484+0700][3511.625s] GC(7) Survivor regions: 12->32(39)
[2023-04-08T23:30:28.484+0700][3511.625s] GC(7) Old regions: 17->17
[2023-04-08T23:30:28.484+0700][3511.625s] GC(7) Archive regions: 0->0
[2023-04-08T23:30:28.484+0700][3511.625s] GC(7) Humongous regions: 4->4
[2023-04-08T23:30:28.484+0700][3511.625s] GC(7) Metaspace: 51240K(51840K)->51240K(51840K) NonClass: 45340K(45632K)->45340K(45632K) Class: 5900K(6208K)->5900K(6208K)
[2023-04-08T23:30:28.484+0700][3511.625s] GC(7) Pause Young (Normal) (G1 Evacuation Pause) 327M->52M(512M) 47.636ms
[2023-04-08T23:30:28.484+0700][3511.625s] GC(7) User=0.12s Sys=0.22s Real=0.05s
[2023-04-09T00:19:59.968+0700][6483.110s] Heap
[2023-04-09T00:19:59.968+0700][6483.110s]  garbage-first heap   total 524288K, used 187593K [0x00000000e0000000, 0x0000000100000000)
[2023-04-09T00:19:59.968+0700][6483.110s]   region size 1024K, 163 young (166912K), 32 survivors (32768K)
[2023-04-09T00:19:59.968+0700][6483.110s]  Metaspace       used 53007K, committed 53568K, reserved 1114112K
[2023-04-09T00:19:59.968+0700][6483.110s]   class space    used 6021K, committed 6272K, reserved 1048576K
