[2023-04-09T21:07:30.650+0700][0.013s] CardTable entry size: 512
[2023-04-09T21:07:30.650+0700][0.013s] Using G1
[2023-04-09T21:07:30.844+0700][0.207s] Version: 18.0.1.1+2-6 (release)
[2023-04-09T21:07:30.844+0700][0.207s] CPUs: 8 total, 8 available
[2023-04-09T21:07:30.844+0700][0.207s] Memory: 16251M
[2023-04-09T21:07:30.844+0700][0.207s] Large Page Support: Disabled
[2023-04-09T21:07:30.844+0700][0.207s] NUMA Support: Disabled
[2023-04-09T21:07:30.844+0700][0.207s] Compressed Oops: Enabled (32-bit)
[2023-04-09T21:07:30.844+0700][0.207s] Heap Region Size: 1M
[2023-04-09T21:07:30.844+0700][0.207s] Heap Min Capacity: 512M
[2023-04-09T21:07:30.844+0700][0.207s] Heap Initial Capacity: 512M
[2023-04-09T21:07:30.844+0700][0.207s] Heap Max Capacity: 512M
[2023-04-09T21:07:30.854+0700][0.217s] Pre-touch: Enabled
[2023-04-09T21:07:30.854+0700][0.217s] Parallel Workers: 8
[2023-04-09T21:07:30.854+0700][0.217s] Concurrent Workers: 2
[2023-04-09T21:07:30.854+0700][0.217s] Concurrent Refinement Workers: 8
[2023-04-09T21:07:30.854+0700][0.217s] Periodic GC: Disabled
[2023-04-09T21:07:30.854+0700][0.218s] CDS archive(s) mapped at: [0x0000000800000000-0x0000000800ba0000-0x0000000800ba0000), size 12189696, SharedBaseAddress: 0x0000000800000000, ArchiveRelocationMode: 0.
[2023-04-09T21:07:30.854+0700][0.218s] Compressed class space mapped at: 0x0000000800c00000-0x0000000840c00000, reserved size: 1073741824
[2023-04-09T21:07:30.854+0700][0.218s] Narrow klass base: 0x0000000800000000, Narrow klass shift: 0, Narrow klass range: 0x100000000
[2023-04-09T21:07:31.604+0700][0.967s] GC(0) Pause Young (Normal) (G1 Evacuation Pause)
[2023-04-09T21:07:31.605+0700][0.967s] GC(0) Using 8 workers of 8 for evacuation
[2023-04-09T21:07:31.609+0700][0.971s] GC(0)   Pre Evacuate Collection Set: 0.1ms
[2023-04-09T21:07:31.609+0700][0.971s] GC(0)   Merge Heap Roots: 0.0ms
[2023-04-09T21:07:31.609+0700][0.971s] GC(0)   Evacuate Collection Set: 3.2ms
[2023-04-09T21:07:31.609+0700][0.971s] GC(0)   Post Evacuate Collection Set: 0.7ms
[2023-04-09T21:07:31.609+0700][0.971s] GC(0)   Other: 0.5ms
[2023-04-09T21:07:31.609+0700][0.971s] GC(0) Eden regions: 29->0(38)
[2023-04-09T21:07:31.609+0700][0.971s] GC(0) Survivor regions: 0->4(4)
[2023-04-09T21:07:31.609+0700][0.971s] GC(0) Old regions: 0->2
[2023-04-09T21:07:31.609+0700][0.971s] GC(0) Archive regions: 0->0
[2023-04-09T21:07:31.609+0700][0.971s] GC(0) Humongous regions: 4->4
[2023-04-09T21:07:31.609+0700][0.971s] GC(0) Metaspace: 10130K(10368K)->10130K(10368K) NonClass: 8959K(9088K)->8959K(9088K) Class: 1171K(1280K)->1171K(1280K)
[2023-04-09T21:07:31.609+0700][0.971s] GC(0) Pause Young (Normal) (G1 Evacuation Pause) 33M->9M(512M) 4.814ms
[2023-04-09T21:07:31.609+0700][0.971s] GC(0) User=0.00s Sys=0.00s Real=0.00s
[2023-04-09T21:07:31.995+0700][1.358s] GC(1) Pause Young (Normal) (G1 Evacuation Pause)
[2023-04-09T21:07:31.995+0700][1.358s] GC(1) Using 8 workers of 8 for evacuation
[2023-04-09T21:07:32.001+0700][1.364s] GC(1)   Pre Evacuate Collection Set: 0.1ms
[2023-04-09T21:07:32.001+0700][1.365s] GC(1)   Merge Heap Roots: 0.0ms
[2023-04-09T21:07:32.001+0700][1.365s] GC(1)   Evacuate Collection Set: 6.0ms
[2023-04-09T21:07:32.001+0700][1.365s] GC(1)   Post Evacuate Collection Set: 0.5ms
[2023-04-09T21:07:32.001+0700][1.365s] GC(1)   Other: 0.1ms
[2023-04-09T21:07:32.001+0700][1.365s] GC(1) Eden regions: 35->0(48)
[2023-04-09T21:07:32.001+0700][1.365s] GC(1) Survivor regions: 4->5(5)
[2023-04-09T21:07:32.002+0700][1.365s] GC(1) Old regions: 2->11
[2023-04-09T21:07:32.002+0700][1.365s] GC(1) Archive regions: 0->0
[2023-04-09T21:07:32.002+0700][1.365s] GC(1) Humongous regions: 4->4
[2023-04-09T21:07:32.002+0700][1.365s] GC(1) Metaspace: 15852K(16192K)->15852K(16192K) NonClass: 14037K(14208K)->14037K(14208K) Class: 1814K(1984K)->1814K(1984K)
[2023-04-09T21:07:32.002+0700][1.365s] GC(1) Pause Young (Normal) (G1 Evacuation Pause) 44M->19M(512M) 6.890ms
[2023-04-09T21:07:32.002+0700][1.365s] GC(1) User=0.00s Sys=0.00s Real=0.01s
[2023-04-09T21:07:32.360+0700][1.723s] GC(2) Pause Young (Concurrent Start) (Metadata GC Threshold)
[2023-04-09T21:07:32.360+0700][1.723s] GC(2) Using 8 workers of 8 for evacuation
[2023-04-09T21:07:32.363+0700][1.726s] GC(2)   Pre Evacuate Collection Set: 0.1ms
[2023-04-09T21:07:32.363+0700][1.726s] GC(2)   Merge Heap Roots: 0.0ms
[2023-04-09T21:07:32.363+0700][1.726s] GC(2)   Evacuate Collection Set: 2.1ms
[2023-04-09T21:07:32.363+0700][1.726s] GC(2)   Post Evacuate Collection Set: 0.5ms
[2023-04-09T21:07:32.363+0700][1.726s] GC(2)   Other: 0.1ms
[2023-04-09T21:07:32.364+0700][1.726s] GC(2) Eden regions: 45->0(81)
[2023-04-09T21:07:32.364+0700][1.726s] GC(2) Survivor regions: 5->5(7)
[2023-04-09T21:07:32.364+0700][1.726s] GC(2) Old regions: 11->16
[2023-04-09T21:07:32.364+0700][1.726s] GC(2) Archive regions: 0->0
[2023-04-09T21:07:32.364+0700][1.726s] GC(2) Humongous regions: 4->4
[2023-04-09T21:07:32.364+0700][1.726s] GC(2) Metaspace: 21158K(21504K)->21158K(21504K) NonClass: 18823K(19008K)->18823K(19008K) Class: 2334K(2496K)->2334K(2496K)
[2023-04-09T21:07:32.364+0700][1.726s] GC(2) Pause Young (Concurrent Start) (Metadata GC Threshold) 63M->24M(512M) 3.203ms
[2023-04-09T21:07:32.364+0700][1.726s] GC(3) Concurrent Mark Cycle
[2023-04-09T21:07:32.364+0700][1.726s] GC(2) User=0.00s Sys=0.00s Real=0.00s
[2023-04-09T21:07:32.364+0700][1.726s] GC(3) Concurrent Clear Claimed Marks
[2023-04-09T21:07:32.364+0700][1.727s] GC(3) Concurrent Clear Claimed Marks 0.041ms
[2023-04-09T21:07:32.364+0700][1.727s] GC(3) Concurrent Scan Root Regions
[2023-04-09T21:07:32.365+0700][1.728s] GC(3) Concurrent Scan Root Regions 1.619ms
[2023-04-09T21:07:32.365+0700][1.728s] GC(3) Concurrent Mark
[2023-04-09T21:07:32.365+0700][1.728s] GC(3) Concurrent Mark From Roots
[2023-04-09T21:07:32.365+0700][1.728s] GC(3) Using 2 workers of 2 for marking
[2023-04-09T21:07:32.375+0700][1.738s] GC(3) Concurrent Mark From Roots 9.539ms
[2023-04-09T21:07:32.375+0700][1.738s] GC(3) Concurrent Preclean
[2023-04-09T21:07:32.375+0700][1.738s] GC(3) Concurrent Preclean 0.038ms
[2023-04-09T21:07:32.375+0700][1.738s] GC(3) Pause Remark
[2023-04-09T21:07:32.377+0700][1.740s] GC(3) Pause Remark 26M->26M(512M) 1.461ms
[2023-04-09T21:07:32.377+0700][1.740s] GC(3) User=0.00s Sys=0.00s Real=0.00s
[2023-04-09T21:07:32.377+0700][1.740s] GC(3) Concurrent Mark 11.470ms
[2023-04-09T21:07:32.377+0700][1.740s] GC(3) Concurrent Rebuild Remembered Sets
[2023-04-09T21:07:32.381+0700][1.744s] GC(3) Concurrent Rebuild Remembered Sets 4.504ms
[2023-04-09T21:07:32.382+0700][1.744s] GC(3) Pause Cleanup
[2023-04-09T21:07:32.382+0700][1.744s] GC(3) Pause Cleanup 26M->26M(512M) 0.092ms
[2023-04-09T21:07:32.382+0700][1.744s] GC(3) User=0.00s Sys=0.00s Real=0.00s
[2023-04-09T21:07:32.382+0700][1.744s] GC(3) Concurrent Cleanup for Next Mark
[2023-04-09T21:07:32.382+0700][1.745s] GC(3) Concurrent Cleanup for Next Mark 0.302ms
[2023-04-09T21:07:32.382+0700][1.745s] GC(3) Concurrent Mark Cycle 18.373ms
[2023-04-09T21:07:33.298+0700][2.661s] GC(4) Pause Young (Normal) (G1 Evacuation Pause)
[2023-04-09T21:07:33.298+0700][2.661s] GC(4) Using 8 workers of 8 for evacuation
[2023-04-09T21:07:33.303+0700][2.666s] GC(4)   Pre Evacuate Collection Set: 0.0ms
[2023-04-09T21:07:33.303+0700][2.666s] GC(4)   Merge Heap Roots: 0.0ms
[2023-04-09T21:07:33.303+0700][2.666s] GC(4)   Evacuate Collection Set: 3.9ms
[2023-04-09T21:07:33.303+0700][2.666s] GC(4)   Post Evacuate Collection Set: 0.6ms
[2023-04-09T21:07:33.303+0700][2.666s] GC(4)   Other: 0.1ms
[2023-04-09T21:07:33.303+0700][2.666s] GC(4) Eden regions: 81->0(296)
[2023-04-09T21:07:33.303+0700][2.666s] GC(4) Survivor regions: 5->11(11)
[2023-04-09T21:07:33.303+0700][2.666s] GC(4) Old regions: 16->16
[2023-04-09T21:07:33.303+0700][2.666s] GC(4) Archive regions: 0->0
[2023-04-09T21:07:33.303+0700][2.666s] GC(4) Humongous regions: 5->4
[2023-04-09T21:07:33.303+0700][2.666s] GC(4) Metaspace: 35130K(35520K)->35130K(35520K) NonClass: 31077K(31296K)->31077K(31296K) Class: 4053K(4224K)->4053K(4224K)
[2023-04-09T21:07:33.303+0700][2.666s] GC(4) Pause Young (Normal) (G1 Evacuation Pause) 106M->30M(512M) 4.879ms
[2023-04-09T21:07:33.303+0700][2.666s] GC(4) User=0.11s Sys=0.02s Real=0.00s
[2023-04-09T21:07:33.361+0700][2.724s] GC(5) Pause Young (Concurrent Start) (Metadata GC Threshold)
[2023-04-09T21:07:33.361+0700][2.724s] GC(5) Using 8 workers of 8 for evacuation
[2023-04-09T21:07:33.365+0700][2.727s] GC(5)   Pre Evacuate Collection Set: 0.1ms
[2023-04-09T21:07:33.365+0700][2.727s] GC(5)   Merge Heap Roots: 0.0ms
[2023-04-09T21:07:33.365+0700][2.727s] GC(5)   Evacuate Collection Set: 3.0ms
[2023-04-09T21:07:33.365+0700][2.727s] GC(5)   Post Evacuate Collection Set: 0.3ms
[2023-04-09T21:07:33.365+0700][2.727s] GC(5)   Other: 0.1ms
[2023-04-09T21:07:33.365+0700][2.727s] GC(5) Eden regions: 7->0(294)
[2023-04-09T21:07:33.365+0700][2.727s] GC(5) Survivor regions: 11->13(39)
[2023-04-09T21:07:33.365+0700][2.727s] GC(5) Old regions: 16->16
[2023-04-09T21:07:33.365+0700][2.727s] GC(5) Archive regions: 0->0
[2023-04-09T21:07:33.365+0700][2.727s] GC(5) Humongous regions: 4->4
[2023-04-09T21:07:33.365+0700][2.727s] GC(5) Metaspace: 36032K(36416K)->36032K(36416K) NonClass: 31852K(32064K)->31852K(32064K) Class: 4180K(4352K)->4180K(4352K)
[2023-04-09T21:07:33.365+0700][2.727s] GC(5) Pause Young (Concurrent Start) (Metadata GC Threshold) 37M->31M(512M) 3.668ms
[2023-04-09T21:07:33.365+0700][2.727s] GC(6) Concurrent Mark Cycle
[2023-04-09T21:07:33.365+0700][2.727s] GC(5) User=0.03s Sys=0.00s Real=0.00s
[2023-04-09T21:07:33.365+0700][2.727s] GC(6) Concurrent Clear Claimed Marks
[2023-04-09T21:07:33.365+0700][2.727s] GC(6) Concurrent Clear Claimed Marks 0.036ms
[2023-04-09T21:07:33.365+0700][2.727s] GC(6) Concurrent Scan Root Regions
[2023-04-09T21:07:33.368+0700][2.731s] GC(6) Concurrent Scan Root Regions 3.037ms
[2023-04-09T21:07:33.368+0700][2.731s] GC(6) Concurrent Mark
[2023-04-09T21:07:33.368+0700][2.731s] GC(6) Concurrent Mark From Roots
[2023-04-09T21:07:33.368+0700][2.731s] GC(6) Using 2 workers of 2 for marking
[2023-04-09T21:07:33.382+0700][2.745s] GC(6) Concurrent Mark From Roots 13.995ms
[2023-04-09T21:07:33.382+0700][2.745s] GC(6) Concurrent Preclean
[2023-04-09T21:07:33.382+0700][2.745s] GC(6) Concurrent Preclean 0.051ms
[2023-04-09T21:07:33.382+0700][2.745s] GC(6) Pause Remark
[2023-04-09T21:07:33.383+0700][2.746s] GC(6) Pause Remark 35M->35M(512M) 1.419ms
[2023-04-09T21:07:33.384+0700][2.746s] GC(6) User=0.00s Sys=0.00s Real=0.00s
[2023-04-09T21:07:33.384+0700][2.746s] GC(6) Concurrent Mark 15.662ms
[2023-04-09T21:07:33.384+0700][2.746s] GC(6) Concurrent Rebuild Remembered Sets
[2023-04-09T21:07:33.389+0700][2.752s] GC(6) Concurrent Rebuild Remembered Sets 5.286ms
[2023-04-09T21:07:33.389+0700][2.752s] GC(6) Pause Cleanup
[2023-04-09T21:07:33.389+0700][2.752s] GC(6) Pause Cleanup 37M->37M(512M) 0.069ms
[2023-04-09T21:07:33.389+0700][2.752s] GC(6) User=0.00s Sys=0.00s Real=0.00s
[2023-04-09T21:07:33.389+0700][2.752s] GC(6) Concurrent Cleanup for Next Mark
[2023-04-09T21:07:33.389+0700][2.752s] GC(6) Concurrent Cleanup for Next Mark 0.264ms
[2023-04-09T21:07:33.389+0700][2.752s] GC(6) Concurrent Mark Cycle 24.620ms
[2023-04-09T23:11:36.404+0700][7445.767s] GC(7) Pause Young (Normal) (G1 Evacuation Pause)
[2023-04-09T23:11:36.404+0700][7445.767s] GC(7) Using 8 workers of 8 for evacuation
[2023-04-09T23:11:36.456+0700][7445.818s] GC(7)   Pre Evacuate Collection Set: 0.5ms
[2023-04-09T23:11:36.456+0700][7445.818s] GC(7)   Merge Heap Roots: 0.2ms
[2023-04-09T23:11:36.456+0700][7445.818s] GC(7)   Evacuate Collection Set: 48.2ms
[2023-04-09T23:11:36.456+0700][7445.818s] GC(7)   Post Evacuate Collection Set: 2.1ms
[2023-04-09T23:11:36.456+0700][7445.818s] GC(7)   Other: 0.3ms
[2023-04-09T23:11:36.456+0700][7445.818s] GC(7) Eden regions: 294->0(273)
[2023-04-09T23:11:36.456+0700][7445.818s] GC(7) Survivor regions: 13->34(39)
[2023-04-09T23:11:36.456+0700][7445.818s] GC(7) Old regions: 16->16
[2023-04-09T23:11:36.456+0700][7445.818s] GC(7) Archive regions: 0->0
[2023-04-09T23:11:36.456+0700][7445.818s] GC(7) Humongous regions: 4->4
[2023-04-09T23:11:36.456+0700][7445.818s] GC(7) Metaspace: 51578K(52224K)->51578K(52224K) NonClass: 45610K(45952K)->45610K(45952K) Class: 5968K(6272K)->5968K(6272K)
[2023-04-09T23:11:36.456+0700][7445.818s] GC(7) Pause Young (Normal) (G1 Evacuation Pause) 325M->53M(512M) 51.604ms
[2023-04-09T23:11:36.456+0700][7445.819s] GC(7) User=0.09s Sys=0.17s Real=0.05s
[2023-04-10T02:55:54.985+0700][20904.348s] GC(8) Pause Young (Normal) (G1 Evacuation Pause)
[2023-04-10T02:55:54.986+0700][20904.349s] GC(8) Using 8 workers of 8 for evacuation
[2023-04-10T02:55:55.016+0700][20904.379s] GC(8)   Pre Evacuate Collection Set: 0.2ms
[2023-04-10T02:55:55.016+0700][20904.379s] GC(8)   Merge Heap Roots: 0.1ms
[2023-04-10T02:55:55.016+0700][20904.379s] GC(8)   Evacuate Collection Set: 28.1ms
[2023-04-10T02:55:55.016+0700][20904.379s] GC(8)   Post Evacuate Collection Set: 1.9ms
[2023-04-10T02:55:55.016+0700][20904.379s] GC(8)   Other: 0.3ms
[2023-04-10T02:55:55.016+0700][20904.379s] GC(8) Eden regions: 273->0(303)
[2023-04-10T02:55:55.016+0700][20904.379s] GC(8) Survivor regions: 34->4(39)
[2023-04-10T02:55:55.016+0700][20904.379s] GC(8) Old regions: 16->49
[2023-04-10T02:55:55.016+0700][20904.379s] GC(8) Archive regions: 0->0
[2023-04-10T02:55:55.016+0700][20904.379s] GC(8) Humongous regions: 4->4
[2023-04-10T02:55:55.016+0700][20904.379s] GC(8) Metaspace: 52958K(53568K)->52958K(53568K) NonClass: 46954K(47296K)->46954K(47296K) Class: 6003K(6272K)->6003K(6272K)
[2023-04-10T02:55:55.016+0700][20904.379s] GC(8) Pause Young (Normal) (G1 Evacuation Pause) 326M->56M(512M) 31.037ms
[2023-04-10T02:55:55.016+0700][20904.379s] GC(8) User=0.05s Sys=0.08s Real=0.03s
[2023-04-10T04:20:10.263+0700][25959.626s] Heap
[2023-04-10T04:20:10.263+0700][25959.626s]  garbage-first heap   total 524288K, used 288039K [0x00000000e0000000, 0x0000000100000000)
[2023-04-10T04:20:10.263+0700][25959.626s]   region size 1024K, 226 young (231424K), 4 survivors (4096K)
[2023-04-10T04:20:10.263+0700][25959.626s]  Metaspace       used 54084K, committed 54720K, reserved 1114112K
[2023-04-10T04:20:10.263+0700][25959.626s]   class space    used 6102K, committed 6400K, reserved 1048576K
