[2023-04-09T18:38:36.026+0700][0.014s] CardTable entry size: 512
[2023-04-09T18:38:36.027+0700][0.014s] Using G1
[2023-04-09T18:38:36.205+0700][0.193s] Version: 18.0.1.1+2-6 (release)
[2023-04-09T18:38:36.205+0700][0.193s] CPUs: 8 total, 8 available
[2023-04-09T18:38:36.205+0700][0.194s] Memory: 16251M
[2023-04-09T18:38:36.205+0700][0.194s] Large Page Support: Disabled
[2023-04-09T18:38:36.205+0700][0.194s] NUMA Support: Disabled
[2023-04-09T18:38:36.205+0700][0.194s] Compressed Oops: Enabled (32-bit)
[2023-04-09T18:38:36.205+0700][0.194s] Heap Region Size: 1M
[2023-04-09T18:38:36.205+0700][0.194s] Heap Min Capacity: 512M
[2023-04-09T18:38:36.205+0700][0.194s] Heap Initial Capacity: 512M
[2023-04-09T18:38:36.205+0700][0.194s] Heap Max Capacity: 512M
[2023-04-09T18:38:36.206+0700][0.194s] Pre-touch: Enabled
[2023-04-09T18:38:36.206+0700][0.194s] Parallel Workers: 8
[2023-04-09T18:38:36.206+0700][0.194s] Concurrent Workers: 2
[2023-04-09T18:38:36.206+0700][0.194s] Concurrent Refinement Workers: 8
[2023-04-09T18:38:36.206+0700][0.194s] Periodic GC: Disabled
[2023-04-09T18:38:36.207+0700][0.196s] CDS archive(s) mapped at: [0x0000000800000000-0x0000000800ba0000-0x0000000800ba0000), size 12189696, SharedBaseAddress: 0x0000000800000000, ArchiveRelocationMode: 0.
[2023-04-09T18:38:36.207+0700][0.196s] Compressed class space mapped at: 0x0000000800c00000-0x0000000840c00000, reserved size: 1073741824
[2023-04-09T18:38:36.207+0700][0.196s] Narrow klass base: 0x0000000800000000, Narrow klass shift: 0, Narrow klass range: 0x100000000
[2023-04-09T18:38:38.718+0700][2.706s] GC(0) Pause Young (Normal) (G1 Evacuation Pause)
[2023-04-09T18:38:38.720+0700][2.708s] GC(0) Using 8 workers of 8 for evacuation
[2023-04-09T18:38:38.724+0700][2.712s] GC(0)   Pre Evacuate Collection Set: 0.1ms
[2023-04-09T18:38:38.724+0700][2.712s] GC(0)   Merge Heap Roots: 0.0ms
[2023-04-09T18:38:38.724+0700][2.712s] GC(0)   Evacuate Collection Set: 2.8ms
[2023-04-09T18:38:38.724+0700][2.712s] GC(0)   Post Evacuate Collection Set: 1.1ms
[2023-04-09T18:38:38.724+0700][2.713s] GC(0)   Other: 0.9ms
[2023-04-09T18:38:38.724+0700][2.713s] GC(0) Eden regions: 29->0(38)
[2023-04-09T18:38:38.724+0700][2.713s] GC(0) Survivor regions: 0->4(4)
[2023-04-09T18:38:38.724+0700][2.713s] GC(0) Old regions: 0->2
[2023-04-09T18:38:38.725+0700][2.713s] GC(0) Archive regions: 0->0
[2023-04-09T18:38:38.725+0700][2.713s] GC(0) Humongous regions: 4->4
[2023-04-09T18:38:38.725+0700][2.713s] GC(0) Metaspace: 10118K(10368K)->10118K(10368K) NonClass: 8944K(9088K)->8944K(9088K) Class: 1173K(1280K)->1173K(1280K)
[2023-04-09T18:38:38.725+0700][2.713s] GC(0) Pause Young (Normal) (G1 Evacuation Pause) 33M->9M(512M) 6.592ms
[2023-04-09T18:38:38.725+0700][2.713s] GC(0) User=0.02s Sys=0.00s Real=0.01s
[2023-04-09T18:38:39.441+0700][3.429s] GC(1) Pause Young (Normal) (G1 Evacuation Pause)
[2023-04-09T18:38:39.441+0700][3.429s] GC(1) Using 8 workers of 8 for evacuation
[2023-04-09T18:38:39.447+0700][3.435s] GC(1)   Pre Evacuate Collection Set: 0.1ms
[2023-04-09T18:38:39.448+0700][3.435s] GC(1)   Merge Heap Roots: 0.0ms
[2023-04-09T18:38:39.448+0700][3.436s] GC(1)   Evacuate Collection Set: 6.1ms
[2023-04-09T18:38:39.448+0700][3.436s] GC(1)   Post Evacuate Collection Set: 0.4ms
[2023-04-09T18:38:39.448+0700][3.436s] GC(1)   Other: 0.1ms
[2023-04-09T18:38:39.448+0700][3.436s] GC(1) Eden regions: 35->0(48)
[2023-04-09T18:38:39.448+0700][3.436s] GC(1) Survivor regions: 4->5(5)
[2023-04-09T18:38:39.448+0700][3.436s] GC(1) Old regions: 2->11
[2023-04-09T18:38:39.448+0700][3.436s] GC(1) Archive regions: 0->0
[2023-04-09T18:38:39.448+0700][3.436s] GC(1) Humongous regions: 4->4
[2023-04-09T18:38:39.448+0700][3.436s] GC(1) Metaspace: 15835K(16192K)->15835K(16192K) NonClass: 14019K(14208K)->14019K(14208K) Class: 1815K(1984K)->1815K(1984K)
[2023-04-09T18:38:39.448+0700][3.436s] GC(1) Pause Young (Normal) (G1 Evacuation Pause) 44M->19M(512M) 6.960ms
[2023-04-09T18:38:39.448+0700][3.436s] GC(1) User=0.11s Sys=0.00s Real=0.01s
[2023-04-09T18:38:40.132+0700][4.120s] GC(2) Pause Young (Concurrent Start) (Metadata GC Threshold)
[2023-04-09T18:38:40.133+0700][4.120s] GC(2) Using 8 workers of 8 for evacuation
[2023-04-09T18:38:40.138+0700][4.125s] GC(2)   Pre Evacuate Collection Set: 0.3ms
[2023-04-09T18:38:40.138+0700][4.125s] GC(2)   Merge Heap Roots: 0.1ms
[2023-04-09T18:38:40.138+0700][4.126s] GC(2)   Evacuate Collection Set: 3.9ms
[2023-04-09T18:38:40.138+0700][4.126s] GC(2)   Post Evacuate Collection Set: 0.5ms
[2023-04-09T18:38:40.138+0700][4.126s] GC(2)   Other: 0.4ms
[2023-04-09T18:38:40.138+0700][4.126s] GC(2) Eden regions: 44->0(78)
[2023-04-09T18:38:40.138+0700][4.126s] GC(2) Survivor regions: 5->5(7)
[2023-04-09T18:38:40.138+0700][4.126s] GC(2) Old regions: 11->17
[2023-04-09T18:38:40.138+0700][4.126s] GC(2) Archive regions: 0->0
[2023-04-09T18:38:40.138+0700][4.126s] GC(2) Humongous regions: 4->4
[2023-04-09T18:38:40.138+0700][4.126s] GC(2) Metaspace: 21082K(21504K)->21082K(21504K) NonClass: 18755K(18944K)->18755K(18944K) Class: 2327K(2560K)->2327K(2560K)
[2023-04-09T18:38:40.138+0700][4.126s] GC(2) Pause Young (Concurrent Start) (Metadata GC Threshold) 63M->24M(512M) 5.603ms
[2023-04-09T18:38:40.138+0700][4.126s] GC(3) Concurrent Mark Cycle
[2023-04-09T18:38:40.138+0700][4.126s] GC(2) User=0.00s Sys=0.00s Real=0.01s
[2023-04-09T18:38:40.138+0700][4.126s] GC(3) Concurrent Clear Claimed Marks
[2023-04-09T18:38:40.138+0700][4.126s] GC(3) Concurrent Clear Claimed Marks 0.064ms
[2023-04-09T18:38:40.138+0700][4.126s] GC(3) Concurrent Scan Root Regions
[2023-04-09T18:38:40.141+0700][4.129s] GC(3) Concurrent Scan Root Regions 2.513ms
[2023-04-09T18:38:40.141+0700][4.129s] GC(3) Concurrent Mark
[2023-04-09T18:38:40.141+0700][4.129s] GC(3) Concurrent Mark From Roots
[2023-04-09T18:38:40.141+0700][4.129s] GC(3) Using 2 workers of 2 for marking
[2023-04-09T18:38:40.153+0700][4.141s] GC(3) Concurrent Mark From Roots 12.101ms
[2023-04-09T18:38:40.153+0700][4.141s] GC(3) Concurrent Preclean
[2023-04-09T18:38:40.153+0700][4.141s] GC(3) Concurrent Preclean 0.047ms
[2023-04-09T18:38:40.153+0700][4.141s] GC(3) Pause Remark
[2023-04-09T18:38:40.155+0700][4.143s] GC(3) Pause Remark 25M->25M(512M) 1.797ms
[2023-04-09T18:38:40.155+0700][4.143s] GC(3) User=0.00s Sys=0.00s Real=0.00s
[2023-04-09T18:38:40.155+0700][4.143s] GC(3) Concurrent Mark 14.190ms
[2023-04-09T18:38:40.155+0700][4.143s] GC(3) Concurrent Rebuild Remembered Sets
[2023-04-09T18:38:40.161+0700][4.149s] GC(3) Concurrent Rebuild Remembered Sets 5.947ms
[2023-04-09T18:38:40.161+0700][4.149s] GC(3) Pause Cleanup
[2023-04-09T18:38:40.161+0700][4.149s] GC(3) Pause Cleanup 25M->25M(512M) 0.087ms
[2023-04-09T18:38:40.161+0700][4.149s] GC(3) User=0.00s Sys=0.00s Real=0.00s
[2023-04-09T18:38:40.161+0700][4.149s] GC(3) Concurrent Cleanup for Next Mark
[2023-04-09T18:38:40.163+0700][4.150s] GC(3) Concurrent Cleanup for Next Mark 1.372ms
[2023-04-09T18:38:40.163+0700][4.151s] GC(3) Concurrent Mark Cycle 24.737ms
[2023-04-09T18:38:41.303+0700][5.291s] GC(4) Pause Young (Prepare Mixed) (G1 Evacuation Pause)
[2023-04-09T18:38:41.303+0700][5.291s] GC(4) Using 8 workers of 8 for evacuation
[2023-04-09T18:38:41.307+0700][5.295s] GC(4)   Pre Evacuate Collection Set: 0.0ms
[2023-04-09T18:38:41.307+0700][5.295s] GC(4)   Merge Heap Roots: 0.0ms
[2023-04-09T18:38:41.307+0700][5.295s] GC(4)   Evacuate Collection Set: 2.7ms
[2023-04-09T18:38:41.307+0700][5.295s] GC(4)   Post Evacuate Collection Set: 0.9ms
[2023-04-09T18:38:41.307+0700][5.295s] GC(4)   Other: 0.1ms
[2023-04-09T18:38:41.307+0700][5.295s] GC(4) Eden regions: 78->0(17)
[2023-04-09T18:38:41.307+0700][5.295s] GC(4) Survivor regions: 5->8(11)
[2023-04-09T18:38:41.307+0700][5.295s] GC(4) Old regions: 17->17
[2023-04-09T18:38:41.307+0700][5.295s] GC(4) Archive regions: 0->0
[2023-04-09T18:38:41.307+0700][5.295s] GC(4) Humongous regions: 4->4
[2023-04-09T18:38:41.307+0700][5.295s] GC(4) Metaspace: 30017K(30400K)->30017K(30400K) NonClass: 26629K(26816K)->26629K(26816K) Class: 3387K(3584K)->3387K(3584K)
[2023-04-09T18:38:41.307+0700][5.295s] GC(4) Pause Young (Prepare Mixed) (G1 Evacuation Pause) 102M->27M(512M) 4.082ms
[2023-04-09T18:38:41.307+0700][5.296s] GC(4) User=0.00s Sys=0.00s Real=0.00s
[2023-04-09T18:38:41.719+0700][5.707s] GC(5) Pause Young (Mixed) (G1 Evacuation Pause)
[2023-04-09T18:38:41.719+0700][5.707s] GC(5) Using 8 workers of 8 for evacuation
[2023-04-09T18:38:41.727+0700][5.715s] GC(5)   Pre Evacuate Collection Set: 0.1ms
[2023-04-09T18:38:41.727+0700][5.715s] GC(5)   Merge Heap Roots: 0.0ms
[2023-04-09T18:38:41.727+0700][5.715s] GC(5)   Evacuate Collection Set: 7.1ms
[2023-04-09T18:38:41.727+0700][5.715s] GC(5)   Post Evacuate Collection Set: 0.6ms
[2023-04-09T18:38:41.727+0700][5.715s] GC(5)   Other: 0.1ms
[2023-04-09T18:38:41.727+0700][5.715s] GC(5) Eden regions: 17->0(305)
[2023-04-09T18:38:41.727+0700][5.715s] GC(5) Survivor regions: 8->2(4)
[2023-04-09T18:38:41.727+0700][5.715s] GC(5) Old regions: 17->24
[2023-04-09T18:38:41.727+0700][5.715s] GC(5) Archive regions: 0->0
[2023-04-09T18:38:41.727+0700][5.715s] GC(5) Humongous regions: 4->4
[2023-04-09T18:38:41.727+0700][5.715s] GC(5) Metaspace: 32948K(33344K)->32948K(33344K) NonClass: 29224K(29440K)->29224K(29440K) Class: 3723K(3904K)->3723K(3904K)
[2023-04-09T18:38:41.727+0700][5.715s] GC(5) Pause Young (Mixed) (G1 Evacuation Pause) 44M->29M(512M) 8.164ms
[2023-04-09T18:38:41.727+0700][5.715s] GC(5) User=0.09s Sys=0.00s Real=0.01s
[2023-04-09T18:38:42.086+0700][6.074s] GC(6) Pause Young (Concurrent Start) (Metadata GC Threshold)
[2023-04-09T18:38:42.086+0700][6.074s] GC(6) Using 8 workers of 8 for evacuation
[2023-04-09T18:38:42.090+0700][6.078s] GC(6)   Pre Evacuate Collection Set: 0.1ms
[2023-04-09T18:38:42.090+0700][6.078s] GC(6)   Merge Heap Roots: 0.0ms
[2023-04-09T18:38:42.090+0700][6.078s] GC(6)   Evacuate Collection Set: 4.0ms
[2023-04-09T18:38:42.090+0700][6.078s] GC(6)   Post Evacuate Collection Set: 0.4ms
[2023-04-09T18:38:42.091+0700][6.078s] GC(6)   Other: 0.1ms
[2023-04-09T18:38:42.091+0700][6.078s] GC(6) Eden regions: 19->0(303)
[2023-04-09T18:38:42.091+0700][6.078s] GC(6) Survivor regions: 2->4(39)
[2023-04-09T18:38:42.091+0700][6.078s] GC(6) Old regions: 24->24
[2023-04-09T18:38:42.091+0700][6.078s] GC(6) Archive regions: 0->0
[2023-04-09T18:38:42.091+0700][6.078s] GC(6) Humongous regions: 5->4
[2023-04-09T18:38:42.091+0700][6.079s] GC(6) Metaspace: 35684K(36096K)->35684K(36096K) NonClass: 31556K(31744K)->31556K(31744K) Class: 4128K(4352K)->4128K(4352K)
[2023-04-09T18:38:42.091+0700][6.079s] GC(6) Pause Young (Concurrent Start) (Metadata GC Threshold) 48M->31M(512M) 4.985ms
[2023-04-09T18:38:42.091+0700][6.079s] GC(6) User=0.00s Sys=0.00s Real=0.01s
[2023-04-09T18:38:42.091+0700][6.079s] GC(7) Concurrent Mark Cycle
[2023-04-09T18:38:42.091+0700][6.079s] GC(7) Concurrent Clear Claimed Marks
[2023-04-09T18:38:42.091+0700][6.079s] GC(7) Concurrent Clear Claimed Marks 0.060ms
[2023-04-09T18:38:42.091+0700][6.079s] GC(7) Concurrent Scan Root Regions
[2023-04-09T18:38:42.093+0700][6.080s] GC(7) Concurrent Scan Root Regions 1.689ms
[2023-04-09T18:38:42.093+0700][6.080s] GC(7) Concurrent Mark
[2023-04-09T18:38:42.093+0700][6.080s] GC(7) Concurrent Mark From Roots
[2023-04-09T18:38:42.093+0700][6.081s] GC(7) Using 2 workers of 2 for marking
[2023-04-09T18:38:42.116+0700][6.104s] GC(7) Concurrent Mark From Roots 23.109ms
[2023-04-09T18:38:42.116+0700][6.104s] GC(7) Concurrent Preclean
[2023-04-09T18:38:42.116+0700][6.104s] GC(7) Concurrent Preclean 0.342ms
[2023-04-09T18:38:42.117+0700][6.104s] GC(7) Pause Remark
[2023-04-09T18:38:42.120+0700][6.108s] GC(7) Pause Remark 33M->33M(512M) 3.399ms
[2023-04-09T18:38:42.120+0700][6.108s] GC(7) User=0.00s Sys=0.00s Real=0.00s
[2023-04-09T18:38:42.121+0700][6.109s] GC(7) Concurrent Mark 28.418ms
[2023-04-09T18:38:42.121+0700][6.109s] GC(7) Concurrent Rebuild Remembered Sets
[2023-04-09T18:38:42.131+0700][6.118s] GC(7) Concurrent Rebuild Remembered Sets 9.332ms
[2023-04-09T18:38:42.134+0700][6.121s] GC(7) Pause Cleanup
[2023-04-09T18:38:42.134+0700][6.122s] GC(7) Pause Cleanup 33M->33M(512M) 0.564ms
[2023-04-09T18:38:42.134+0700][6.122s] GC(7) User=0.00s Sys=0.00s Real=0.00s
[2023-04-09T18:38:42.134+0700][6.122s] GC(7) Concurrent Cleanup for Next Mark
[2023-04-09T18:38:42.135+0700][6.123s] GC(7) Concurrent Cleanup for Next Mark 0.767ms
[2023-04-09T18:38:42.135+0700][6.123s] GC(7) Concurrent Mark Cycle 44.467ms
[2023-04-09T20:06:25.843+0700][5269.831s] Heap
[2023-04-09T20:06:25.843+0700][5269.831s]  garbage-first heap   total 524288K, used 307612K [0x00000000e0000000, 0x0000000100000000)
[2023-04-09T20:06:25.843+0700][5269.831s]   region size 1024K, 274 young (280576K), 4 survivors (4096K)
[2023-04-09T20:06:25.843+0700][5269.831s]  Metaspace       used 51115K, committed 51648K, reserved 1114112K
[2023-04-09T20:06:25.843+0700][5269.831s]   class space    used 5932K, committed 6208K, reserved 1048576K
