[2023-03-25T20:48:11.783+0700][0.014s] CardTable entry size: 512
[2023-03-25T20:48:11.784+0700][0.014s] Using G1
[2023-03-25T20:48:11.932+0700][0.162s] Version: 18.0.1.1+2-6 (release)
[2023-03-25T20:48:11.932+0700][0.162s] CPUs: 8 total, 8 available
[2023-03-25T20:48:11.932+0700][0.162s] Memory: 16251M
[2023-03-25T20:48:11.932+0700][0.162s] Large Page Support: Disabled
[2023-03-25T20:48:11.932+0700][0.162s] NUMA Support: Disabled
[2023-03-25T20:48:11.932+0700][0.162s] Compressed Oops: Enabled (32-bit)
[2023-03-25T20:48:11.932+0700][0.162s] Heap Region Size: 1M
[2023-03-25T20:48:11.932+0700][0.162s] Heap Min Capacity: 512M
[2023-03-25T20:48:11.932+0700][0.162s] Heap Initial Capacity: 512M
[2023-03-25T20:48:11.932+0700][0.162s] Heap Max Capacity: 512M
[2023-03-25T20:48:11.932+0700][0.162s] Pre-touch: Enabled
[2023-03-25T20:48:11.932+0700][0.162s] Parallel Workers: 8
[2023-03-25T20:48:11.932+0700][0.162s] Concurrent Workers: 2
[2023-03-25T20:48:11.932+0700][0.162s] Concurrent Refinement Workers: 8
[2023-03-25T20:48:11.932+0700][0.162s] Periodic GC: Disabled
[2023-03-25T20:48:11.933+0700][0.163s] CDS archive(s) mapped at: [0x0000000800000000-0x0000000800ba0000-0x0000000800ba0000), size 12189696, SharedBaseAddress: 0x0000000800000000, ArchiveRelocationMode: 0.
[2023-03-25T20:48:11.933+0700][0.163s] Compressed class space mapped at: 0x0000000800c00000-0x0000000840c00000, reserved size: 1073741824
[2023-03-25T20:48:11.933+0700][0.163s] Narrow klass base: 0x0000000800000000, Narrow klass shift: 0, Narrow klass range: 0x100000000
[2023-03-25T20:48:13.732+0700][1.962s] GC(0) Pause Young (Normal) (G1 Evacuation Pause)
[2023-03-25T20:48:13.734+0700][1.963s] GC(0) Using 8 workers of 8 for evacuation
[2023-03-25T20:48:13.737+0700][1.967s] GC(0)   Pre Evacuate Collection Set: 0.0ms
[2023-03-25T20:48:13.737+0700][1.967s] GC(0)   Merge Heap Roots: 0.0ms
[2023-03-25T20:48:13.737+0700][1.967s] GC(0)   Evacuate Collection Set: 2.3ms
[2023-03-25T20:48:13.737+0700][1.967s] GC(0)   Post Evacuate Collection Set: 0.9ms
[2023-03-25T20:48:13.737+0700][1.967s] GC(0)   Other: 0.5ms
[2023-03-25T20:48:13.737+0700][1.967s] GC(0) Eden regions: 29->0(38)
[2023-03-25T20:48:13.737+0700][1.967s] GC(0) Survivor regions: 0->4(4)
[2023-03-25T20:48:13.737+0700][1.967s] GC(0) Old regions: 0->2
[2023-03-25T20:48:13.737+0700][1.967s] GC(0) Archive regions: 0->0
[2023-03-25T20:48:13.737+0700][1.967s] GC(0) Humongous regions: 4->4
[2023-03-25T20:48:13.737+0700][1.967s] GC(0) Metaspace: 10095K(10368K)->10095K(10368K) NonClass: 8924K(9088K)->8924K(9088K) Class: 1171K(1280K)->1171K(1280K)
[2023-03-25T20:48:13.737+0700][1.967s] GC(0) Pause Young (Normal) (G1 Evacuation Pause) 33M->9M(512M) 5.163ms
[2023-03-25T20:48:13.737+0700][1.967s] GC(0) User=0.00s Sys=0.00s Real=0.00s
[2023-03-25T20:48:14.320+0700][2.550s] GC(1) Pause Young (Normal) (G1 Evacuation Pause)
[2023-03-25T20:48:14.320+0700][2.550s] GC(1) Using 8 workers of 8 for evacuation
[2023-03-25T20:48:14.327+0700][2.557s] GC(1)   Pre Evacuate Collection Set: 0.1ms
[2023-03-25T20:48:14.327+0700][2.557s] GC(1)   Merge Heap Roots: 0.0ms
[2023-03-25T20:48:14.327+0700][2.557s] GC(1)   Evacuate Collection Set: 6.1ms
[2023-03-25T20:48:14.327+0700][2.557s] GC(1)   Post Evacuate Collection Set: 0.5ms
[2023-03-25T20:48:14.327+0700][2.557s] GC(1)   Other: 0.1ms
[2023-03-25T20:48:14.327+0700][2.557s] GC(1) Eden regions: 35->0(48)
[2023-03-25T20:48:14.327+0700][2.557s] GC(1) Survivor regions: 4->5(5)
[2023-03-25T20:48:14.327+0700][2.557s] GC(1) Old regions: 2->11
[2023-03-25T20:48:14.327+0700][2.557s] GC(1) Archive regions: 0->0
[2023-03-25T20:48:14.327+0700][2.557s] GC(1) Humongous regions: 4->4
[2023-03-25T20:48:14.327+0700][2.557s] GC(1) Metaspace: 15835K(16192K)->15835K(16192K) NonClass: 14020K(14208K)->14020K(14208K) Class: 1814K(1984K)->1814K(1984K)
[2023-03-25T20:48:14.327+0700][2.557s] GC(1) Pause Young (Normal) (G1 Evacuation Pause) 44M->19M(512M) 7.038ms
[2023-03-25T20:48:14.327+0700][2.557s] GC(1) User=0.00s Sys=0.00s Real=0.01s
[2023-03-25T20:48:14.728+0700][2.957s] GC(2) Pause Young (Concurrent Start) (Metadata GC Threshold)
[2023-03-25T20:48:14.728+0700][2.958s] GC(2) Using 8 workers of 8 for evacuation
[2023-03-25T20:48:14.731+0700][2.961s] GC(2)   Pre Evacuate Collection Set: 0.2ms
[2023-03-25T20:48:14.731+0700][2.961s] GC(2)   Merge Heap Roots: 0.0ms
[2023-03-25T20:48:14.731+0700][2.961s] GC(2)   Evacuate Collection Set: 2.1ms
[2023-03-25T20:48:14.731+0700][2.961s] GC(2)   Post Evacuate Collection Set: 0.5ms
[2023-03-25T20:48:14.731+0700][2.961s] GC(2)   Other: 0.3ms
[2023-03-25T20:48:14.731+0700][2.961s] GC(2) Eden regions: 45->0(77)
[2023-03-25T20:48:14.731+0700][2.961s] GC(2) Survivor regions: 5->5(7)
[2023-03-25T20:48:14.731+0700][2.961s] GC(2) Old regions: 11->16
[2023-03-25T20:48:14.731+0700][2.961s] GC(2) Archive regions: 0->0
[2023-03-25T20:48:14.731+0700][2.961s] GC(2) Humongous regions: 4->4
[2023-03-25T20:48:14.731+0700][2.961s] GC(2) Metaspace: 21223K(21504K)->21223K(21504K) NonClass: 18876K(19008K)->18876K(19008K) Class: 2347K(2496K)->2347K(2496K)
[2023-03-25T20:48:14.731+0700][2.961s] GC(2) Pause Young (Concurrent Start) (Metadata GC Threshold) 64M->24M(512M) 3.351ms
[2023-03-25T20:48:14.731+0700][2.961s] GC(2) User=0.00s Sys=0.00s Real=0.00s
[2023-03-25T20:48:14.731+0700][2.961s] GC(3) Concurrent Mark Cycle
[2023-03-25T20:48:14.731+0700][2.961s] GC(3) Concurrent Clear Claimed Marks
[2023-03-25T20:48:14.731+0700][2.961s] GC(3) Concurrent Clear Claimed Marks 0.023ms
[2023-03-25T20:48:14.731+0700][2.961s] GC(3) Concurrent Scan Root Regions
[2023-03-25T20:48:14.733+0700][2.963s] GC(3) Concurrent Scan Root Regions 1.730ms
[2023-03-25T20:48:14.733+0700][2.963s] GC(3) Concurrent Mark
[2023-03-25T20:48:14.733+0700][2.963s] GC(3) Concurrent Mark From Roots
[2023-03-25T20:48:14.733+0700][2.963s] GC(3) Using 2 workers of 2 for marking
[2023-03-25T20:48:14.741+0700][2.971s] GC(3) Concurrent Mark From Roots 8.507ms
[2023-03-25T20:48:14.741+0700][2.971s] GC(3) Concurrent Preclean
[2023-03-25T20:48:14.741+0700][2.971s] GC(3) Concurrent Preclean 0.027ms
[2023-03-25T20:48:14.741+0700][2.971s] GC(3) Pause Remark
[2023-03-25T20:48:14.742+0700][2.972s] GC(3) Pause Remark 25M->25M(512M) 1.141ms
[2023-03-25T20:48:14.742+0700][2.972s] GC(3) User=0.00s Sys=0.00s Real=0.00s
[2023-03-25T20:48:14.742+0700][2.973s] GC(3) Concurrent Mark 9.890ms
[2023-03-25T20:48:14.742+0700][2.973s] GC(3) Concurrent Rebuild Remembered Sets
[2023-03-25T20:48:14.746+0700][2.976s] GC(3) Concurrent Rebuild Remembered Sets 3.748ms
[2023-03-25T20:48:14.746+0700][2.976s] GC(3) Pause Cleanup
[2023-03-25T20:48:14.746+0700][2.976s] GC(3) Pause Cleanup 26M->26M(512M) 0.087ms
[2023-03-25T20:48:14.746+0700][2.977s] GC(3) User=0.00s Sys=0.00s Real=0.00s
[2023-03-25T20:48:14.746+0700][2.977s] GC(3) Concurrent Cleanup for Next Mark
[2023-03-25T20:48:14.747+0700][2.977s] GC(3) Concurrent Cleanup for Next Mark 0.244ms
[2023-03-25T20:48:14.747+0700][2.977s] GC(3) Concurrent Mark Cycle 16.047ms
[2023-03-25T20:48:15.725+0700][3.956s] GC(4) Pause Young (Normal) (G1 Evacuation Pause)
[2023-03-25T20:48:15.725+0700][3.956s] GC(4) Using 8 workers of 8 for evacuation
[2023-03-25T20:48:15.729+0700][3.959s] GC(4)   Pre Evacuate Collection Set: 0.0ms
[2023-03-25T20:48:15.729+0700][3.959s] GC(4)   Merge Heap Roots: 0.0ms
[2023-03-25T20:48:15.729+0700][3.959s] GC(4)   Evacuate Collection Set: 3.2ms
[2023-03-25T20:48:15.729+0700][3.959s] GC(4)   Post Evacuate Collection Set: 0.4ms
[2023-03-25T20:48:15.729+0700][3.959s] GC(4)   Other: 0.1ms
[2023-03-25T20:48:15.729+0700][3.959s] GC(4) Eden regions: 77->0(296)
[2023-03-25T20:48:15.729+0700][3.959s] GC(4) Survivor regions: 5->11(11)
[2023-03-25T20:48:15.729+0700][3.959s] GC(4) Old regions: 16->16
[2023-03-25T20:48:15.729+0700][3.959s] GC(4) Archive regions: 0->0
[2023-03-25T20:48:15.729+0700][3.959s] GC(4) Humongous regions: 4->4
[2023-03-25T20:48:15.729+0700][3.959s] GC(4) Metaspace: 35051K(35456K)->35051K(35456K) NonClass: 30995K(31232K)->30995K(31232K) Class: 4056K(4224K)->4056K(4224K)
[2023-03-25T20:48:15.729+0700][3.959s] GC(4) Pause Young (Normal) (G1 Evacuation Pause) 101M->30M(512M) 3.923ms
[2023-03-25T20:48:15.729+0700][3.960s] GC(4) User=0.08s Sys=0.03s Real=0.00s
[2023-03-25T20:48:15.818+0700][4.048s] GC(5) Pause Young (Concurrent Start) (Metadata GC Threshold)
[2023-03-25T20:48:15.818+0700][4.048s] GC(5) Using 8 workers of 8 for evacuation
[2023-03-25T20:48:15.821+0700][4.051s] GC(5)   Pre Evacuate Collection Set: 0.1ms
[2023-03-25T20:48:15.821+0700][4.051s] GC(5)   Merge Heap Roots: 0.0ms
[2023-03-25T20:48:15.821+0700][4.051s] GC(5)   Evacuate Collection Set: 3.0ms
[2023-03-25T20:48:15.821+0700][4.051s] GC(5)   Post Evacuate Collection Set: 0.3ms
[2023-03-25T20:48:15.821+0700][4.051s] GC(5)   Other: 0.0ms
[2023-03-25T20:48:15.821+0700][4.051s] GC(5) Eden regions: 11->0(294)
[2023-03-25T20:48:15.821+0700][4.051s] GC(5) Survivor regions: 11->13(39)
[2023-03-25T20:48:15.821+0700][4.051s] GC(5) Old regions: 16->16
[2023-03-25T20:48:15.821+0700][4.051s] GC(5) Archive regions: 0->0
[2023-03-25T20:48:15.821+0700][4.051s] GC(5) Humongous regions: 5->4
[2023-03-25T20:48:15.821+0700][4.051s] GC(5) Metaspace: 36121K(36480K)->36121K(36480K) NonClass: 31930K(32128K)->31930K(32128K) Class: 4191K(4352K)->4191K(4352K)
[2023-03-25T20:48:15.821+0700][4.051s] GC(5) Pause Young (Concurrent Start) (Metadata GC Threshold) 42M->31M(512M) 3.655ms
[2023-03-25T20:48:15.821+0700][4.051s] GC(6) Concurrent Mark Cycle
[2023-03-25T20:48:15.821+0700][4.051s] GC(5) User=0.12s Sys=0.00s Real=0.00s
[2023-03-25T20:48:15.821+0700][4.051s] GC(6) Concurrent Clear Claimed Marks
[2023-03-25T20:48:15.821+0700][4.051s] GC(6) Concurrent Clear Claimed Marks 0.035ms
[2023-03-25T20:48:15.821+0700][4.051s] GC(6) Concurrent Scan Root Regions
[2023-03-25T20:48:15.824+0700][4.054s] GC(6) Concurrent Scan Root Regions 2.876ms
[2023-03-25T20:48:15.824+0700][4.054s] GC(6) Concurrent Mark
[2023-03-25T20:48:15.824+0700][4.054s] GC(6) Concurrent Mark From Roots
[2023-03-25T20:48:15.824+0700][4.054s] GC(6) Using 2 workers of 2 for marking
[2023-03-25T20:48:15.839+0700][4.068s] GC(6) Concurrent Mark From Roots 14.092ms
[2023-03-25T20:48:15.839+0700][4.069s] GC(6) Concurrent Preclean
[2023-03-25T20:48:15.839+0700][4.069s] GC(6) Concurrent Preclean 0.064ms
[2023-03-25T20:48:15.839+0700][4.069s] GC(6) Pause Remark
[2023-03-25T20:48:15.840+0700][4.070s] GC(6) Pause Remark 33M->33M(512M) 1.447ms
[2023-03-25T20:48:15.840+0700][4.070s] GC(6) User=0.00s Sys=0.00s Real=0.00s
[2023-03-25T20:48:15.840+0700][4.070s] GC(6) Concurrent Mark 15.815ms
[2023-03-25T20:48:15.840+0700][4.070s] GC(6) Concurrent Rebuild Remembered Sets
[2023-03-25T20:48:15.847+0700][4.077s] GC(6) Concurrent Rebuild Remembered Sets 6.714ms
[2023-03-25T20:48:15.847+0700][4.077s] GC(6) Pause Cleanup
[2023-03-25T20:48:15.847+0700][4.077s] GC(6) Pause Cleanup 33M->33M(512M) 0.094ms
[2023-03-25T20:48:15.847+0700][4.077s] GC(6) User=0.00s Sys=0.00s Real=0.00s
[2023-03-25T20:48:15.847+0700][4.077s] GC(6) Concurrent Cleanup for Next Mark
[2023-03-25T20:48:15.848+0700][4.078s] GC(6) Concurrent Cleanup for Next Mark 0.337ms
[2023-03-25T20:48:15.848+0700][4.078s] GC(6) Concurrent Mark Cycle 26.379ms
[2023-03-25T22:11:25.288+0700][4991.702s] GC(7) Pause Young (Normal) (G1 Evacuation Pause)
[2023-03-25T22:11:25.288+0700][4991.702s] GC(7) Using 8 workers of 8 for evacuation
[2023-03-25T22:11:25.337+0700][4991.750s] GC(7)   Pre Evacuate Collection Set: 0.3ms
[2023-03-25T22:11:25.337+0700][4991.750s] GC(7)   Merge Heap Roots: 0.2ms
[2023-03-25T22:11:25.337+0700][4991.750s] GC(7)   Evacuate Collection Set: 45.6ms
[2023-03-25T22:11:25.337+0700][4991.750s] GC(7)   Post Evacuate Collection Set: 1.9ms
[2023-03-25T22:11:25.337+0700][4991.750s] GC(7)   Other: 0.2ms
[2023-03-25T22:11:25.337+0700][4991.750s] GC(7) Eden regions: 294->0(275)
[2023-03-25T22:11:25.337+0700][4991.750s] GC(7) Survivor regions: 13->32(39)
[2023-03-25T22:11:25.337+0700][4991.750s] GC(7) Old regions: 16->16
[2023-03-25T22:11:25.337+0700][4991.750s] GC(7) Archive regions: 0->0
[2023-03-25T22:11:25.337+0700][4991.750s] GC(7) Humongous regions: 7->7
[2023-03-25T22:11:25.337+0700][4991.750s] GC(7) Metaspace: 51635K(52288K)->51635K(52288K) NonClass: 45676K(46016K)->45676K(46016K) Class: 5959K(6272K)->5959K(6272K)
[2023-03-25T22:11:25.337+0700][4991.750s] GC(7) Pause Young (Normal) (G1 Evacuation Pause) 328M->54M(512M) 48.469ms
[2023-03-25T22:11:25.337+0700][4991.750s] GC(7) User=0.09s Sys=0.27s Real=0.05s
[2023-03-25T22:11:25.378+0700][4991.793s] Heap
[2023-03-25T22:11:25.379+0700][4991.793s]  garbage-first heap   total 524288K, used 67695K [0x00000000e0000000, 0x0000000100000000)
[2023-03-25T22:11:25.379+0700][4991.793s]   region size 1024K, 44 young (45056K), 32 survivors (32768K)
[2023-03-25T22:11:25.379+0700][4991.793s]  Metaspace       used 51827K, committed 52416K, reserved 1114112K
[2023-03-25T22:11:25.379+0700][4991.793s]   class space    used 5991K, committed 6272K, reserved 1048576K
