[2023-03-19T21:05:21.490+0700][0.045s] CardTable entry size: 512
[2023-03-19T21:05:21.490+0700][0.045s] Using G1
[2023-03-19T21:05:21.654+0700][0.209s] Version: 18.0.1.1+2-6 (release)
[2023-03-19T21:05:21.654+0700][0.209s] CPUs: 8 total, 8 available
[2023-03-19T21:05:21.654+0700][0.209s] Memory: 16251M
[2023-03-19T21:05:21.654+0700][0.209s] Large Page Support: Disabled
[2023-03-19T21:05:21.654+0700][0.209s] NUMA Support: Disabled
[2023-03-19T21:05:21.654+0700][0.209s] Compressed Oops: Enabled (32-bit)
[2023-03-19T21:05:21.654+0700][0.209s] Heap Region Size: 1M
[2023-03-19T21:05:21.654+0700][0.209s] Heap Min Capacity: 512M
[2023-03-19T21:05:21.654+0700][0.209s] Heap Initial Capacity: 512M
[2023-03-19T21:05:21.654+0700][0.209s] Heap Max Capacity: 512M
[2023-03-19T21:05:21.654+0700][0.209s] Pre-touch: Enabled
[2023-03-19T21:05:21.654+0700][0.209s] Parallel Workers: 8
[2023-03-19T21:05:21.654+0700][0.209s] Concurrent Workers: 2
[2023-03-19T21:05:21.654+0700][0.209s] Concurrent Refinement Workers: 8
[2023-03-19T21:05:21.654+0700][0.209s] Periodic GC: Disabled
[2023-03-19T21:05:21.655+0700][0.210s] CDS archive(s) mapped at: [0x0000000800000000-0x0000000800ba0000-0x0000000800ba0000), size 12189696, SharedBaseAddress: 0x0000000800000000, ArchiveRelocationMode: 0.
[2023-03-19T21:05:21.655+0700][0.210s] Compressed class space mapped at: 0x0000000800c00000-0x0000000840c00000, reserved size: 1073741824
[2023-03-19T21:05:21.655+0700][0.210s] Narrow klass base: 0x0000000800000000, Narrow klass shift: 0, Narrow klass range: 0x100000000
[2023-03-19T21:05:22.340+0700][0.895s] GC(0) Pause Young (Normal) (G1 Evacuation Pause)
[2023-03-19T21:05:22.341+0700][0.896s] GC(0) Using 8 workers of 8 for evacuation
[2023-03-19T21:05:22.343+0700][0.898s] GC(0)   Pre Evacuate Collection Set: 0.0ms
[2023-03-19T21:05:22.343+0700][0.898s] GC(0)   Merge Heap Roots: 0.0ms
[2023-03-19T21:05:22.343+0700][0.898s] GC(0)   Evacuate Collection Set: 2.2ms
[2023-03-19T21:05:22.343+0700][0.898s] GC(0)   Post Evacuate Collection Set: 0.3ms
[2023-03-19T21:05:22.343+0700][0.898s] GC(0)   Other: 0.3ms
[2023-03-19T21:05:22.343+0700][0.898s] GC(0) Eden regions: 29->0(38)
[2023-03-19T21:05:22.343+0700][0.898s] GC(0) Survivor regions: 0->4(4)
[2023-03-19T21:05:22.343+0700][0.898s] GC(0) Old regions: 0->2
[2023-03-19T21:05:22.343+0700][0.898s] GC(0) Archive regions: 0->0
[2023-03-19T21:05:22.343+0700][0.898s] GC(0) Humongous regions: 4->4
[2023-03-19T21:05:22.343+0700][0.898s] GC(0) Metaspace: 10096K(10368K)->10096K(10368K) NonClass: 8925K(9088K)->8925K(9088K) Class: 1171K(1280K)->1171K(1280K)
[2023-03-19T21:05:22.343+0700][0.898s] GC(0) Pause Young (Normal) (G1 Evacuation Pause) 33M->9M(512M) 3.182ms
[2023-03-19T21:05:22.343+0700][0.898s] GC(0) User=0.00s Sys=0.00s Real=0.00s
[2023-03-19T21:05:22.708+0700][1.263s] GC(1) Pause Young (Normal) (G1 Evacuation Pause)
[2023-03-19T21:05:22.708+0700][1.263s] GC(1) Using 8 workers of 8 for evacuation
[2023-03-19T21:05:22.714+0700][1.269s] GC(1)   Pre Evacuate Collection Set: 0.1ms
[2023-03-19T21:05:22.714+0700][1.269s] GC(1)   Merge Heap Roots: 0.0ms
[2023-03-19T21:05:22.714+0700][1.269s] GC(1)   Evacuate Collection Set: 5.6ms
[2023-03-19T21:05:22.714+0700][1.269s] GC(1)   Post Evacuate Collection Set: 0.5ms
[2023-03-19T21:05:22.714+0700][1.270s] GC(1)   Other: 0.1ms
[2023-03-19T21:05:22.714+0700][1.270s] GC(1) Eden regions: 35->0(48)
[2023-03-19T21:05:22.714+0700][1.270s] GC(1) Survivor regions: 4->5(5)
[2023-03-19T21:05:22.714+0700][1.270s] GC(1) Old regions: 2->11
[2023-03-19T21:05:22.714+0700][1.270s] GC(1) Archive regions: 0->0
[2023-03-19T21:05:22.714+0700][1.270s] GC(1) Humongous regions: 4->4
[2023-03-19T21:05:22.714+0700][1.270s] GC(1) Metaspace: 15820K(16192K)->15820K(16192K) NonClass: 14005K(14208K)->14005K(14208K) Class: 1814K(1984K)->1814K(1984K)
[2023-03-19T21:05:22.714+0700][1.270s] GC(1) Pause Young (Normal) (G1 Evacuation Pause) 44M->19M(512M) 6.417ms
[2023-03-19T21:05:22.714+0700][1.270s] GC(1) User=0.00s Sys=0.00s Real=0.01s
[2023-03-19T21:05:23.018+0700][1.572s] GC(2) Pause Young (Concurrent Start) (Metadata GC Threshold)
[2023-03-19T21:05:23.018+0700][1.572s] GC(2) Using 8 workers of 8 for evacuation
[2023-03-19T21:05:23.020+0700][1.575s] GC(2)   Pre Evacuate Collection Set: 0.1ms
[2023-03-19T21:05:23.020+0700][1.575s] GC(2)   Merge Heap Roots: 0.1ms
[2023-03-19T21:05:23.020+0700][1.575s] GC(2)   Evacuate Collection Set: 2.1ms
[2023-03-19T21:05:23.020+0700][1.575s] GC(2)   Post Evacuate Collection Set: 0.3ms
[2023-03-19T21:05:23.020+0700][1.575s] GC(2)   Other: 0.1ms
[2023-03-19T21:05:23.020+0700][1.575s] GC(2) Eden regions: 45->0(85)
[2023-03-19T21:05:23.021+0700][1.575s] GC(2) Survivor regions: 5->5(7)
[2023-03-19T21:05:23.021+0700][1.575s] GC(2) Old regions: 11->16
[2023-03-19T21:05:23.021+0700][1.575s] GC(2) Archive regions: 0->0
[2023-03-19T21:05:23.021+0700][1.575s] GC(2) Humongous regions: 4->4
[2023-03-19T21:05:23.021+0700][1.575s] GC(2) Metaspace: 21152K(21504K)->21152K(21504K) NonClass: 18812K(19008K)->18812K(19008K) Class: 2340K(2496K)->2340K(2496K)
[2023-03-19T21:05:23.021+0700][1.575s] GC(2) Pause Young (Concurrent Start) (Metadata GC Threshold) 63M->24M(512M) 2.926ms
[2023-03-19T21:05:23.021+0700][1.575s] GC(3) Concurrent Mark Cycle
[2023-03-19T21:05:23.021+0700][1.575s] GC(2) User=0.02s Sys=0.02s Real=0.00s
[2023-03-19T21:05:23.021+0700][1.575s] GC(3) Concurrent Clear Claimed Marks
[2023-03-19T21:05:23.021+0700][1.575s] GC(3) Concurrent Clear Claimed Marks 0.029ms
[2023-03-19T21:05:23.021+0700][1.575s] GC(3) Concurrent Scan Root Regions
[2023-03-19T21:05:23.022+0700][1.577s] GC(3) Concurrent Scan Root Regions 1.275ms
[2023-03-19T21:05:23.022+0700][1.577s] GC(3) Concurrent Mark
[2023-03-19T21:05:23.022+0700][1.577s] GC(3) Concurrent Mark From Roots
[2023-03-19T21:05:23.022+0700][1.577s] GC(3) Using 2 workers of 2 for marking
[2023-03-19T21:05:23.032+0700][1.587s] GC(3) Concurrent Mark From Roots 9.981ms
[2023-03-19T21:05:23.032+0700][1.587s] GC(3) Concurrent Preclean
[2023-03-19T21:05:23.032+0700][1.587s] GC(3) Concurrent Preclean 0.027ms
[2023-03-19T21:05:23.032+0700][1.587s] GC(3) Pause Remark
[2023-03-19T21:05:23.033+0700][1.588s] GC(3) Pause Remark 26M->26M(512M) 1.069ms
[2023-03-19T21:05:23.033+0700][1.588s] GC(3) User=0.00s Sys=0.00s Real=0.00s
[2023-03-19T21:05:23.033+0700][1.588s] GC(3) Concurrent Mark 11.303ms
[2023-03-19T21:05:23.033+0700][1.588s] GC(3) Concurrent Rebuild Remembered Sets
[2023-03-19T21:05:23.037+0700][1.592s] GC(3) Concurrent Rebuild Remembered Sets 3.796ms
[2023-03-19T21:05:23.037+0700][1.592s] GC(3) Pause Cleanup
[2023-03-19T21:05:23.037+0700][1.592s] GC(3) Pause Cleanup 27M->27M(512M) 0.105ms
[2023-03-19T21:05:23.037+0700][1.592s] GC(3) User=0.00s Sys=0.00s Real=0.00s
[2023-03-19T21:05:23.037+0700][1.592s] GC(3) Concurrent Cleanup for Next Mark
[2023-03-19T21:05:23.037+0700][1.592s] GC(3) Concurrent Cleanup for Next Mark 0.273ms
[2023-03-19T21:05:23.037+0700][1.592s] GC(3) Concurrent Mark Cycle 17.168ms
[2023-03-19T21:05:23.892+0700][2.447s] GC(4) Pause Young (Prepare Mixed) (Metadata GC Threshold)
[2023-03-19T21:05:23.892+0700][2.447s] GC(4) Using 8 workers of 8 for evacuation
[2023-03-19T21:05:23.896+0700][2.451s] GC(4)   Pre Evacuate Collection Set: 0.0ms
[2023-03-19T21:05:23.896+0700][2.451s] GC(4)   Merge Heap Roots: 0.0ms
[2023-03-19T21:05:23.896+0700][2.451s] GC(4)   Evacuate Collection Set: 3.6ms
[2023-03-19T21:05:23.896+0700][2.451s] GC(4)   Post Evacuate Collection Set: 0.4ms
[2023-03-19T21:05:23.896+0700][2.451s] GC(4)   Other: 0.1ms
[2023-03-19T21:05:23.896+0700][2.451s] GC(4) Eden regions: 85->0(13)
[2023-03-19T21:05:23.896+0700][2.451s] GC(4) Survivor regions: 5->12(12)
[2023-03-19T21:05:23.896+0700][2.451s] GC(4) Old regions: 16->16
[2023-03-19T21:05:23.896+0700][2.451s] GC(4) Archive regions: 0->0
[2023-03-19T21:05:23.897+0700][2.451s] GC(4) Humongous regions: 5->4
[2023-03-19T21:05:23.897+0700][2.451s] GC(4) Metaspace: 36126K(36480K)->36126K(36480K) NonClass: 31927K(32128K)->31927K(32128K) Class: 4198K(4352K)->4198K(4352K)
[2023-03-19T21:05:23.897+0700][2.451s] GC(4) Pause Young (Prepare Mixed) (Metadata GC Threshold) 110M->31M(512M) 4.316ms
[2023-03-19T21:05:23.897+0700][2.452s] GC(4) User=0.12s Sys=0.00s Real=0.01s
[2023-03-19T21:05:23.911+0700][2.466s] GC(5) Pause Young (Mixed) (Metadata GC Threshold)
[2023-03-19T21:05:23.911+0700][2.466s] GC(5) Using 8 workers of 8 for evacuation
[2023-03-19T21:05:23.915+0700][2.470s] GC(5)   Pre Evacuate Collection Set: 0.0ms
[2023-03-19T21:05:23.915+0700][2.470s] GC(5)   Merge Heap Roots: 0.0ms
[2023-03-19T21:05:23.915+0700][2.470s] GC(5)   Evacuate Collection Set: 3.1ms
[2023-03-19T21:05:23.915+0700][2.470s] GC(5)   Post Evacuate Collection Set: 0.3ms
[2023-03-19T21:05:23.915+0700][2.470s] GC(5)   Other: 0.1ms
[2023-03-19T21:05:23.915+0700][2.470s] GC(5) Eden regions: 2->0(305)
[2023-03-19T21:05:23.915+0700][2.470s] GC(5) Survivor regions: 12->2(4)
[2023-03-19T21:05:23.915+0700][2.470s] GC(5) Old regions: 16->28
[2023-03-19T21:05:23.915+0700][2.470s] GC(5) Archive regions: 0->0
[2023-03-19T21:05:23.915+0700][2.470s] GC(5) Humongous regions: 4->4
[2023-03-19T21:05:23.915+0700][2.470s] GC(5) Metaspace: 36392K(36800K)->36392K(36800K) NonClass: 32161K(32384K)->32161K(32384K) Class: 4231K(4416K)->4231K(4416K)
[2023-03-19T21:05:23.915+0700][2.470s] GC(5) Pause Young (Mixed) (Metadata GC Threshold) 33M->32M(512M) 3.692ms
[2023-03-19T21:05:23.915+0700][2.470s] GC(5) User=0.00s Sys=0.00s Real=0.00s
[2023-03-19T21:05:23.926+0700][2.481s] GC(6) Pause Young (Concurrent Start) (Metadata GC Threshold)
[2023-03-19T21:05:23.927+0700][2.481s] GC(6) Using 8 workers of 8 for evacuation
[2023-03-19T21:05:23.927+0700][2.482s] GC(6)   Pre Evacuate Collection Set: 0.1ms
[2023-03-19T21:05:23.927+0700][2.482s] GC(6)   Merge Heap Roots: 0.0ms
[2023-03-19T21:05:23.927+0700][2.482s] GC(6)   Evacuate Collection Set: 0.4ms
[2023-03-19T21:05:23.927+0700][2.482s] GC(6)   Post Evacuate Collection Set: 0.1ms
[2023-03-19T21:05:23.927+0700][2.482s] GC(6)   Other: 0.0ms
[2023-03-19T21:05:23.927+0700][2.482s] GC(6) Eden regions: 2->0(306)
[2023-03-19T21:05:23.927+0700][2.482s] GC(6) Survivor regions: 2->1(39)
[2023-03-19T21:05:23.927+0700][2.482s] GC(6) Old regions: 28->28
[2023-03-19T21:05:23.927+0700][2.482s] GC(6) Archive regions: 0->0
[2023-03-19T21:05:23.927+0700][2.482s] GC(6) Humongous regions: 4->4
[2023-03-19T21:05:23.927+0700][2.482s] GC(6) Metaspace: 36699K(37120K)->36699K(37120K) NonClass: 32421K(32640K)->32421K(32640K) Class: 4277K(4480K)->4277K(4480K)
[2023-03-19T21:05:23.927+0700][2.482s] GC(6) Pause Young (Concurrent Start) (Metadata GC Threshold) 33M->32M(512M) 0.881ms
[2023-03-19T21:05:23.927+0700][2.482s] GC(7) Concurrent Mark Cycle
[2023-03-19T21:05:23.927+0700][2.482s] GC(6) User=0.03s Sys=0.00s Real=0.00s
[2023-03-19T21:05:23.927+0700][2.482s] GC(7) Concurrent Clear Claimed Marks
[2023-03-19T21:05:23.927+0700][2.482s] GC(7) Concurrent Clear Claimed Marks 0.034ms
[2023-03-19T21:05:23.927+0700][2.482s] GC(7) Concurrent Scan Root Regions
[2023-03-19T21:05:23.928+0700][2.483s] GC(7) Concurrent Scan Root Regions 0.235ms
[2023-03-19T21:05:23.928+0700][2.483s] GC(7) Concurrent Mark
[2023-03-19T21:05:23.928+0700][2.483s] GC(7) Concurrent Mark From Roots
[2023-03-19T21:05:23.928+0700][2.483s] GC(7) Using 2 workers of 2 for marking
[2023-03-19T21:05:23.949+0700][2.503s] GC(7) Concurrent Mark From Roots 20.806ms
[2023-03-19T21:05:23.949+0700][2.503s] GC(7) Concurrent Preclean
[2023-03-19T21:05:23.949+0700][2.504s] GC(7) Concurrent Preclean 0.065ms
[2023-03-19T21:05:23.949+0700][2.504s] GC(7) Pause Remark
[2023-03-19T21:05:23.951+0700][2.506s] GC(7) Pause Remark 36M->36M(512M) 2.361ms
[2023-03-19T21:05:23.951+0700][2.506s] GC(7) User=0.00s Sys=0.00s Real=0.00s
[2023-03-19T21:05:23.951+0700][2.506s] GC(7) Concurrent Mark 23.439ms
[2023-03-19T21:05:23.951+0700][2.506s] GC(7) Concurrent Rebuild Remembered Sets
[2023-03-19T21:05:23.961+0700][2.515s] GC(7) Concurrent Rebuild Remembered Sets 9.259ms
[2023-03-19T21:05:23.961+0700][2.515s] GC(7) Pause Cleanup
[2023-03-19T21:05:23.961+0700][2.515s] GC(7) Pause Cleanup 38M->38M(512M) 0.068ms
[2023-03-19T21:05:23.961+0700][2.515s] GC(7) User=0.00s Sys=0.00s Real=0.00s
[2023-03-19T21:05:23.961+0700][2.516s] GC(7) Concurrent Cleanup for Next Mark
[2023-03-19T21:05:23.961+0700][2.516s] GC(7) Concurrent Cleanup for Next Mark 0.332ms
[2023-03-19T21:05:23.961+0700][2.516s] GC(7) Concurrent Mark Cycle 33.631ms
[2023-03-19T21:06:26.255+0700][64.809s] Heap
[2023-03-19T21:06:26.255+0700][64.809s]  garbage-first heap   total 524288K, used 225377K [0x00000000e0000000, 0x0000000100000000)
[2023-03-19T21:06:26.255+0700][64.810s]   region size 1024K, 186 young (190464K), 1 survivors (1024K)
[2023-03-19T21:06:26.255+0700][64.810s]  Metaspace       used 49915K, committed 50560K, reserved 1114112K
[2023-03-19T21:06:26.255+0700][64.810s]   class space    used 5941K, committed 6272K, reserved 1048576K
