[2023-03-16T11:03:48.423+0700][0.017s] CardTable entry size: 512
[2023-03-16T11:03:48.423+0700][0.017s] Using G1
[2023-03-16T11:03:48.665+0700][0.259s] Version: 18.0.1.1+2-6 (release)
[2023-03-16T11:03:48.665+0700][0.259s] CPUs: 8 total, 8 available
[2023-03-16T11:03:48.665+0700][0.259s] Memory: 16251M
[2023-03-16T11:03:48.665+0700][0.259s] Large Page Support: Disabled
[2023-03-16T11:03:48.665+0700][0.259s] NUMA Support: Disabled
[2023-03-16T11:03:48.665+0700][0.259s] Compressed Oops: Enabled (32-bit)
[2023-03-16T11:03:48.665+0700][0.259s] Heap Region Size: 1M
[2023-03-16T11:03:48.665+0700][0.259s] Heap Min Capacity: 512M
[2023-03-16T11:03:48.665+0700][0.259s] Heap Initial Capacity: 512M
[2023-03-16T11:03:48.665+0700][0.259s] Heap Max Capacity: 512M
[2023-03-16T11:03:48.675+0700][0.269s] Pre-touch: Enabled
[2023-03-16T11:03:48.675+0700][0.269s] Parallel Workers: 8
[2023-03-16T11:03:48.675+0700][0.269s] Concurrent Workers: 2
[2023-03-16T11:03:48.675+0700][0.269s] Concurrent Refinement Workers: 8
[2023-03-16T11:03:48.675+0700][0.269s] Periodic GC: Disabled
[2023-03-16T11:03:48.676+0700][0.270s] CDS archive(s) mapped at: [0x0000000800000000-0x0000000800ba0000-0x0000000800ba0000), size 12189696, SharedBaseAddress: 0x0000000800000000, ArchiveRelocationMode: 0.
[2023-03-16T11:03:48.676+0700][0.270s] Compressed class space mapped at: 0x0000000800c00000-0x0000000840c00000, reserved size: 1073741824
[2023-03-16T11:03:48.676+0700][0.270s] Narrow klass base: 0x0000000800000000, Narrow klass shift: 0, Narrow klass range: 0x100000000
[2023-03-16T11:03:50.703+0700][2.298s] GC(0) Pause Young (Normal) (G1 Evacuation Pause)
[2023-03-16T11:03:50.704+0700][2.298s] GC(0) Using 8 workers of 8 for evacuation
[2023-03-16T11:03:50.708+0700][2.302s] GC(0)   Pre Evacuate Collection Set: 0.1ms
[2023-03-16T11:03:50.708+0700][2.302s] GC(0)   Merge Heap Roots: 0.0ms
[2023-03-16T11:03:50.708+0700][2.302s] GC(0)   Evacuate Collection Set: 3.4ms
[2023-03-16T11:03:50.708+0700][2.302s] GC(0)   Post Evacuate Collection Set: 0.4ms
[2023-03-16T11:03:50.708+0700][2.302s] GC(0)   Other: 0.5ms
[2023-03-16T11:03:50.708+0700][2.302s] GC(0) Eden regions: 29->0(38)
[2023-03-16T11:03:50.708+0700][2.302s] GC(0) Survivor regions: 0->4(4)
[2023-03-16T11:03:50.708+0700][2.302s] GC(0) Old regions: 0->2
[2023-03-16T11:03:50.708+0700][2.303s] GC(0) Archive regions: 0->0
[2023-03-16T11:03:50.708+0700][2.303s] GC(0) Humongous regions: 4->4
[2023-03-16T11:03:50.708+0700][2.303s] GC(0) Metaspace: 10080K(10368K)->10080K(10368K) NonClass: 8907K(9088K)->8907K(9088K) Class: 1173K(1280K)->1173K(1280K)
[2023-03-16T11:03:50.708+0700][2.303s] GC(0) Pause Young (Normal) (G1 Evacuation Pause) 33M->9M(512M) 4.836ms
[2023-03-16T11:03:50.708+0700][2.303s] GC(0) User=0.12s Sys=0.00s Real=0.00s
[2023-03-16T11:03:51.287+0700][2.882s] GC(1) Pause Young (Normal) (G1 Evacuation Pause)
[2023-03-16T11:03:51.287+0700][2.882s] GC(1) Using 8 workers of 8 for evacuation
[2023-03-16T11:03:51.297+0700][2.891s] GC(1)   Pre Evacuate Collection Set: 0.1ms
[2023-03-16T11:03:51.297+0700][2.891s] GC(1)   Merge Heap Roots: 0.0ms
[2023-03-16T11:03:51.297+0700][2.891s] GC(1)   Evacuate Collection Set: 8.5ms
[2023-03-16T11:03:51.297+0700][2.891s] GC(1)   Post Evacuate Collection Set: 0.6ms
[2023-03-16T11:03:51.297+0700][2.891s] GC(1)   Other: 0.1ms
[2023-03-16T11:03:51.297+0700][2.891s] GC(1) Eden regions: 34->0(47)
[2023-03-16T11:03:51.297+0700][2.891s] GC(1) Survivor regions: 4->5(5)
[2023-03-16T11:03:51.297+0700][2.891s] GC(1) Old regions: 2->11
[2023-03-16T11:03:51.297+0700][2.891s] GC(1) Archive regions: 0->0
[2023-03-16T11:03:51.297+0700][2.891s] GC(1) Humongous regions: 4->4
[2023-03-16T11:03:51.297+0700][2.891s] GC(1) Metaspace: 15825K(16192K)->15825K(16192K) NonClass: 14010K(14208K)->14010K(14208K) Class: 1815K(1984K)->1815K(1984K)
[2023-03-16T11:03:51.297+0700][2.891s] GC(1) Pause Young (Normal) (G1 Evacuation Pause) 43M->19M(512M) 9.718ms
[2023-03-16T11:03:51.297+0700][2.891s] GC(1) User=0.00s Sys=0.00s Real=0.01s
[2023-03-16T11:03:51.788+0700][3.382s] GC(2) Pause Young (Concurrent Start) (Metadata GC Threshold)
[2023-03-16T11:03:51.788+0700][3.382s] GC(2) Using 8 workers of 8 for evacuation
[2023-03-16T11:03:51.792+0700][3.386s] GC(2)   Pre Evacuate Collection Set: 0.1ms
[2023-03-16T11:03:51.792+0700][3.386s] GC(2)   Merge Heap Roots: 0.1ms
[2023-03-16T11:03:51.792+0700][3.386s] GC(2)   Evacuate Collection Set: 3.2ms
[2023-03-16T11:03:51.792+0700][3.386s] GC(2)   Post Evacuate Collection Set: 0.6ms
[2023-03-16T11:03:51.792+0700][3.387s] GC(2)   Other: 0.2ms
[2023-03-16T11:03:51.792+0700][3.387s] GC(2) Eden regions: 46->0(82)
[2023-03-16T11:03:51.792+0700][3.387s] GC(2) Survivor regions: 5->6(7)
[2023-03-16T11:03:51.792+0700][3.387s] GC(2) Old regions: 11->16
[2023-03-16T11:03:51.792+0700][3.387s] GC(2) Archive regions: 0->0
[2023-03-16T11:03:51.792+0700][3.387s] GC(2) Humongous regions: 4->4
[2023-03-16T11:03:51.792+0700][3.387s] GC(2) Metaspace: 21094K(21504K)->21094K(21504K) NonClass: 18763K(18944K)->18763K(18944K) Class: 2330K(2560K)->2330K(2560K)
[2023-03-16T11:03:51.792+0700][3.387s] GC(2) Pause Young (Concurrent Start) (Metadata GC Threshold) 64M->24M(512M) 4.555ms
[2023-03-16T11:03:51.792+0700][3.387s] GC(2) User=0.00s Sys=0.00s Real=0.00s
[2023-03-16T11:03:51.792+0700][3.387s] GC(3) Concurrent Mark Cycle
[2023-03-16T11:03:51.792+0700][3.387s] GC(3) Concurrent Clear Claimed Marks
[2023-03-16T11:03:51.792+0700][3.387s] GC(3) Concurrent Clear Claimed Marks 0.032ms
[2023-03-16T11:03:51.792+0700][3.387s] GC(3) Concurrent Scan Root Regions
[2023-03-16T11:03:51.795+0700][3.389s] GC(3) Concurrent Scan Root Regions 2.257ms
[2023-03-16T11:03:51.795+0700][3.389s] GC(3) Concurrent Mark
[2023-03-16T11:03:51.795+0700][3.389s] GC(3) Concurrent Mark From Roots
[2023-03-16T11:03:51.795+0700][3.389s] GC(3) Using 2 workers of 2 for marking
[2023-03-16T11:03:51.807+0700][3.402s] GC(3) Concurrent Mark From Roots 12.587ms
[2023-03-16T11:03:51.807+0700][3.402s] GC(3) Concurrent Preclean
[2023-03-16T11:03:51.807+0700][3.402s] GC(3) Concurrent Preclean 0.042ms
[2023-03-16T11:03:51.808+0700][3.402s] GC(3) Pause Remark
[2023-03-16T11:03:51.809+0700][3.403s] GC(3) Pause Remark 25M->25M(512M) 1.604ms
[2023-03-16T11:03:51.809+0700][3.403s] GC(3) User=0.00s Sys=0.00s Real=0.00s
[2023-03-16T11:03:51.809+0700][3.404s] GC(3) Concurrent Mark 14.477ms
[2023-03-16T11:03:51.809+0700][3.404s] GC(3) Concurrent Rebuild Remembered Sets
[2023-03-16T11:03:51.816+0700][3.410s] GC(3) Concurrent Rebuild Remembered Sets 6.185ms
[2023-03-16T11:03:51.816+0700][3.410s] GC(3) Pause Cleanup
[2023-03-16T11:03:51.816+0700][3.410s] GC(3) Pause Cleanup 26M->26M(512M) 0.108ms
[2023-03-16T11:03:51.816+0700][3.410s] GC(3) User=0.00s Sys=0.00s Real=0.00s
[2023-03-16T11:03:51.816+0700][3.410s] GC(3) Concurrent Cleanup for Next Mark
[2023-03-16T11:03:51.816+0700][3.410s] GC(3) Concurrent Cleanup for Next Mark 0.345ms
[2023-03-16T11:03:51.816+0700][3.410s] GC(3) Concurrent Mark Cycle 23.771ms
[2023-03-16T11:03:57.577+0700][9.171s] GC(4) Pause Young (Prepare Mixed) (G1 Evacuation Pause)
[2023-03-16T11:03:57.577+0700][9.172s] GC(4) Using 8 workers of 8 for evacuation
[2023-03-16T11:03:57.581+0700][9.175s] GC(4)   Pre Evacuate Collection Set: 0.0ms
[2023-03-16T11:03:57.581+0700][9.175s] GC(4)   Merge Heap Roots: 0.0ms
[2023-03-16T11:03:57.581+0700][9.175s] GC(4)   Evacuate Collection Set: 3.1ms
[2023-03-16T11:03:57.581+0700][9.175s] GC(4)   Post Evacuate Collection Set: 0.4ms
[2023-03-16T11:03:57.581+0700][9.175s] GC(4)   Other: 0.1ms
[2023-03-16T11:03:57.581+0700][9.175s] GC(4) Eden regions: 82->0(14)
[2023-03-16T11:03:57.581+0700][9.175s] GC(4) Survivor regions: 6->11(11)
[2023-03-16T11:03:57.581+0700][9.175s] GC(4) Old regions: 16->17
[2023-03-16T11:03:57.581+0700][9.175s] GC(4) Archive regions: 0->0
[2023-03-16T11:03:57.581+0700][9.175s] GC(4) Humongous regions: 5->4
[2023-03-16T11:03:57.581+0700][9.175s] GC(4) Metaspace: 35472K(35840K)->35472K(35840K) NonClass: 31371K(31552K)->31371K(31552K) Class: 4101K(4288K)->4101K(4288K)
[2023-03-16T11:03:57.581+0700][9.175s] GC(4) Pause Young (Prepare Mixed) (G1 Evacuation Pause) 107M->31M(512M) 3.853ms
[2023-03-16T11:03:57.581+0700][9.175s] GC(4) User=0.00s Sys=0.00s Real=0.00s
[2023-03-16T11:03:57.594+0700][9.188s] GC(5) Pause Young (Mixed) (Metadata GC Threshold)
[2023-03-16T11:03:57.594+0700][9.188s] GC(5) Using 8 workers of 8 for evacuation
[2023-03-16T11:03:57.598+0700][9.192s] GC(5)   Pre Evacuate Collection Set: 0.0ms
[2023-03-16T11:03:57.598+0700][9.192s] GC(5)   Merge Heap Roots: 0.0ms
[2023-03-16T11:03:57.598+0700][9.192s] GC(5)   Evacuate Collection Set: 3.4ms
[2023-03-16T11:03:57.598+0700][9.192s] GC(5)   Post Evacuate Collection Set: 0.2ms
[2023-03-16T11:03:57.598+0700][9.192s] GC(5)   Other: 0.1ms
[2023-03-16T11:03:57.598+0700][9.192s] GC(5) Eden regions: 2->0(306)
[2023-03-16T11:03:57.598+0700][9.192s] GC(5) Survivor regions: 11->1(4)
[2023-03-16T11:03:57.598+0700][9.192s] GC(5) Old regions: 17->28
[2023-03-16T11:03:57.598+0700][9.192s] GC(5) Archive regions: 0->0
[2023-03-16T11:03:57.598+0700][9.192s] GC(5) Humongous regions: 4->4
[2023-03-16T11:03:57.598+0700][9.192s] GC(5) Metaspace: 35746K(36160K)->35746K(36160K) NonClass: 31607K(31808K)->31607K(31808K) Class: 4139K(4352K)->4139K(4352K)
[2023-03-16T11:03:57.598+0700][9.192s] GC(5) Pause Young (Mixed) (Metadata GC Threshold) 33M->32M(512M) 3.942ms
[2023-03-16T11:03:57.598+0700][9.192s] GC(5) User=0.00s Sys=0.00s Real=0.00s
[2023-03-16T11:03:57.626+0700][9.220s] GC(6) Pause Young (Concurrent Start) (Metadata GC Threshold)
[2023-03-16T11:03:57.626+0700][9.220s] GC(6) Using 8 workers of 8 for evacuation
[2023-03-16T11:03:57.627+0700][9.221s] GC(6)   Pre Evacuate Collection Set: 0.1ms
[2023-03-16T11:03:57.627+0700][9.221s] GC(6)   Merge Heap Roots: 0.0ms
[2023-03-16T11:03:57.627+0700][9.221s] GC(6)   Evacuate Collection Set: 0.5ms
[2023-03-16T11:03:57.627+0700][9.221s] GC(6)   Post Evacuate Collection Set: 0.1ms
[2023-03-16T11:03:57.627+0700][9.221s] GC(6)   Other: 0.0ms
[2023-03-16T11:03:57.627+0700][9.221s] GC(6) Eden regions: 5->0(306)
[2023-03-16T11:03:57.627+0700][9.221s] GC(6) Survivor regions: 1->1(39)
[2023-03-16T11:03:57.627+0700][9.221s] GC(6) Old regions: 28->28
[2023-03-16T11:03:57.627+0700][9.221s] GC(6) Archive regions: 0->0
[2023-03-16T11:03:57.627+0700][9.221s] GC(6) Humongous regions: 4->4
[2023-03-16T11:03:57.627+0700][9.221s] GC(6) Metaspace: 36126K(36480K)->36126K(36480K) NonClass: 31939K(32128K)->31939K(32128K) Class: 4186K(4352K)->4186K(4352K)
[2023-03-16T11:03:57.627+0700][9.221s] GC(6) Pause Young (Concurrent Start) (Metadata GC Threshold) 36M->31M(512M) 0.955ms
[2023-03-16T11:03:57.627+0700][9.221s] GC(7) Concurrent Mark Cycle
[2023-03-16T11:03:57.627+0700][9.221s] GC(6) User=0.00s Sys=0.00s Real=0.00s
[2023-03-16T11:03:57.627+0700][9.221s] GC(7) Concurrent Clear Claimed Marks
[2023-03-16T11:03:57.627+0700][9.221s] GC(7) Concurrent Clear Claimed Marks 0.031ms
[2023-03-16T11:03:57.627+0700][9.221s] GC(7) Concurrent Scan Root Regions
[2023-03-16T11:03:57.628+0700][9.222s] GC(7) Concurrent Scan Root Regions 0.662ms
[2023-03-16T11:03:57.628+0700][9.222s] GC(7) Concurrent Mark
[2023-03-16T11:03:57.628+0700][9.222s] GC(7) Concurrent Mark From Roots
[2023-03-16T11:03:57.628+0700][9.222s] GC(7) Using 2 workers of 2 for marking
[2023-03-16T11:03:57.644+0700][9.238s] GC(7) Concurrent Mark From Roots 15.712ms
[2023-03-16T11:03:57.644+0700][9.238s] GC(7) Concurrent Preclean
[2023-03-16T11:03:57.644+0700][9.238s] GC(7) Concurrent Preclean 0.066ms
[2023-03-16T11:03:57.644+0700][9.238s] GC(7) Pause Remark
[2023-03-16T11:03:57.647+0700][9.241s] GC(7) Pause Remark 33M->33M(512M) 2.600ms
[2023-03-16T11:03:57.647+0700][9.241s] GC(7) User=0.11s Sys=0.00s Real=0.00s
[2023-03-16T11:03:57.647+0700][9.241s] GC(7) Concurrent Mark 18.616ms
[2023-03-16T11:03:57.647+0700][9.241s] GC(7) Concurrent Rebuild Remembered Sets
[2023-03-16T11:03:57.655+0700][9.249s] GC(7) Concurrent Rebuild Remembered Sets 8.280ms
[2023-03-16T11:03:57.655+0700][9.249s] GC(7) Pause Cleanup
[2023-03-16T11:03:57.655+0700][9.249s] GC(7) Pause Cleanup 34M->34M(512M) 0.057ms
[2023-03-16T11:03:57.655+0700][9.249s] GC(7) User=0.00s Sys=0.00s Real=0.00s
[2023-03-16T11:03:57.655+0700][9.249s] GC(7) Concurrent Cleanup for Next Mark
[2023-03-16T11:03:57.656+0700][9.249s] GC(7) Concurrent Cleanup for Next Mark 0.249ms
[2023-03-16T11:03:57.656+0700][9.249s] GC(7) Concurrent Mark Cycle 28.137ms
[2023-03-16T11:08:24.975+0700][276.570s] Heap
[2023-03-16T11:08:24.975+0700][276.570s]  garbage-first heap   total 524288K, used 180940K [0x00000000e0000000, 0x0000000100000000)
[2023-03-16T11:08:24.975+0700][276.570s]   region size 1024K, 146 young (149504K), 1 survivors (1024K)
[2023-03-16T11:08:24.975+0700][276.570s]  Metaspace       used 49393K, committed 49920K, reserved 1114112K
[2023-03-16T11:08:24.975+0700][276.570s]   class space    used 5823K, committed 6080K, reserved 1048576K
