[2023-04-10T11:30:29.569+0700][0.012s] CardTable entry size: 512
[2023-04-10T11:30:29.570+0700][0.012s] Using G1
[2023-04-10T11:30:29.717+0700][0.159s] Version: 18.0.1.1+2-6 (release)
[2023-04-10T11:30:29.717+0700][0.159s] CPUs: 8 total, 8 available
[2023-04-10T11:30:29.717+0700][0.159s] Memory: 16251M
[2023-04-10T11:30:29.717+0700][0.159s] Large Page Support: Disabled
[2023-04-10T11:30:29.717+0700][0.159s] NUMA Support: Disabled
[2023-04-10T11:30:29.717+0700][0.159s] Compressed Oops: Enabled (32-bit)
[2023-04-10T11:30:29.717+0700][0.159s] Heap Region Size: 1M
[2023-04-10T11:30:29.717+0700][0.159s] Heap Min Capacity: 512M
[2023-04-10T11:30:29.717+0700][0.159s] Heap Initial Capacity: 512M
[2023-04-10T11:30:29.717+0700][0.159s] Heap Max Capacity: 512M
[2023-04-10T11:30:29.752+0700][0.193s] Pre-touch: Enabled
[2023-04-10T11:30:29.752+0700][0.193s] Parallel Workers: 8
[2023-04-10T11:30:29.752+0700][0.193s] Concurrent Workers: 2
[2023-04-10T11:30:29.752+0700][0.193s] Concurrent Refinement Workers: 8
[2023-04-10T11:30:29.752+0700][0.194s] Periodic GC: Disabled
[2023-04-10T11:30:29.752+0700][0.194s] CDS archive(s) mapped at: [0x0000000800000000-0x0000000800ba0000-0x0000000800ba0000), size 12189696, SharedBaseAddress: 0x0000000800000000, ArchiveRelocationMode: 0.
[2023-04-10T11:30:29.752+0700][0.194s] Compressed class space mapped at: 0x0000000800c00000-0x0000000840c00000, reserved size: 1073741824
[2023-04-10T11:30:29.752+0700][0.194s] Narrow klass base: 0x0000000800000000, Narrow klass shift: 0, Narrow klass range: 0x100000000
[2023-04-10T11:30:30.450+0700][0.892s] GC(0) Pause Young (Normal) (G1 Evacuation Pause)
[2023-04-10T11:30:30.450+0700][0.892s] GC(0) Using 8 workers of 8 for evacuation
[2023-04-10T11:30:30.453+0700][0.895s] GC(0)   Pre Evacuate Collection Set: 0.0ms
[2023-04-10T11:30:30.453+0700][0.895s] GC(0)   Merge Heap Roots: 0.0ms
[2023-04-10T11:30:30.453+0700][0.895s] GC(0)   Evacuate Collection Set: 2.2ms
[2023-04-10T11:30:30.453+0700][0.895s] GC(0)   Post Evacuate Collection Set: 0.3ms
[2023-04-10T11:30:30.453+0700][0.895s] GC(0)   Other: 0.3ms
[2023-04-10T11:30:30.453+0700][0.895s] GC(0) Eden regions: 29->0(38)
[2023-04-10T11:30:30.453+0700][0.895s] GC(0) Survivor regions: 0->4(4)
[2023-04-10T11:30:30.453+0700][0.895s] GC(0) Old regions: 0->2
[2023-04-10T11:30:30.453+0700][0.895s] GC(0) Archive regions: 0->0
[2023-04-10T11:30:30.453+0700][0.895s] GC(0) Humongous regions: 4->4
[2023-04-10T11:30:30.453+0700][0.895s] GC(0) Metaspace: 10108K(10368K)->10108K(10368K) NonClass: 8937K(9088K)->8937K(9088K) Class: 1171K(1280K)->1171K(1280K)
[2023-04-10T11:30:30.453+0700][0.895s] GC(0) Pause Young (Normal) (G1 Evacuation Pause) 33M->9M(512M) 3.163ms
[2023-04-10T11:30:30.453+0700][0.895s] GC(0) User=0.00s Sys=0.00s Real=0.00s
[2023-04-10T11:30:30.821+0700][1.263s] GC(1) Pause Young (Normal) (G1 Evacuation Pause)
[2023-04-10T11:30:30.821+0700][1.263s] GC(1) Using 8 workers of 8 for evacuation
[2023-04-10T11:30:30.828+0700][1.270s] GC(1)   Pre Evacuate Collection Set: 0.1ms
[2023-04-10T11:30:30.828+0700][1.270s] GC(1)   Merge Heap Roots: 0.0ms
[2023-04-10T11:30:30.828+0700][1.270s] GC(1)   Evacuate Collection Set: 5.8ms
[2023-04-10T11:30:30.828+0700][1.270s] GC(1)   Post Evacuate Collection Set: 0.8ms
[2023-04-10T11:30:30.828+0700][1.270s] GC(1)   Other: 0.1ms
[2023-04-10T11:30:30.828+0700][1.270s] GC(1) Eden regions: 36->0(49)
[2023-04-10T11:30:30.828+0700][1.270s] GC(1) Survivor regions: 4->5(5)
[2023-04-10T11:30:30.828+0700][1.270s] GC(1) Old regions: 2->11
[2023-04-10T11:30:30.828+0700][1.270s] GC(1) Archive regions: 0->0
[2023-04-10T11:30:30.828+0700][1.270s] GC(1) Humongous regions: 4->4
[2023-04-10T11:30:30.828+0700][1.270s] GC(1) Metaspace: 15847K(16192K)->15847K(16192K) NonClass: 14032K(14208K)->14032K(14208K) Class: 1815K(1984K)->1815K(1984K)
[2023-04-10T11:30:30.828+0700][1.270s] GC(1) Pause Young (Normal) (G1 Evacuation Pause) 45M->19M(512M) 6.892ms
[2023-04-10T11:30:30.828+0700][1.270s] GC(1) User=0.00s Sys=0.00s Real=0.01s
[2023-04-10T11:30:31.150+0700][1.593s] GC(2) Pause Young (Concurrent Start) (Metadata GC Threshold)
[2023-04-10T11:30:31.150+0700][1.593s] GC(2) Using 8 workers of 8 for evacuation
[2023-04-10T11:30:31.153+0700][1.595s] GC(2)   Pre Evacuate Collection Set: 0.1ms
[2023-04-10T11:30:31.153+0700][1.595s] GC(2)   Merge Heap Roots: 0.0ms
[2023-04-10T11:30:31.153+0700][1.595s] GC(2)   Evacuate Collection Set: 1.8ms
[2023-04-10T11:30:31.153+0700][1.595s] GC(2)   Post Evacuate Collection Set: 0.5ms
[2023-04-10T11:30:31.153+0700][1.596s] GC(2)   Other: 0.1ms
[2023-04-10T11:30:31.153+0700][1.596s] GC(2) Eden regions: 44->0(76)
[2023-04-10T11:30:31.153+0700][1.596s] GC(2) Survivor regions: 5->5(7)
[2023-04-10T11:30:31.153+0700][1.596s] GC(2) Old regions: 11->16
[2023-04-10T11:30:31.153+0700][1.596s] GC(2) Archive regions: 0->0
[2023-04-10T11:30:31.153+0700][1.596s] GC(2) Humongous regions: 4->4
[2023-04-10T11:30:31.153+0700][1.596s] GC(2) Metaspace: 21184K(21504K)->21184K(21504K) NonClass: 18843K(19008K)->18843K(19008K) Class: 2340K(2496K)->2340K(2496K)
[2023-04-10T11:30:31.153+0700][1.596s] GC(2) Pause Young (Concurrent Start) (Metadata GC Threshold) 63M->24M(512M) 2.780ms
[2023-04-10T11:30:31.153+0700][1.596s] GC(2) User=0.00s Sys=0.00s Real=0.00s
[2023-04-10T11:30:31.153+0700][1.596s] GC(3) Concurrent Mark Cycle
[2023-04-10T11:30:31.153+0700][1.596s] GC(3) Concurrent Clear Claimed Marks
[2023-04-10T11:30:31.153+0700][1.596s] GC(3) Concurrent Clear Claimed Marks 0.049ms
[2023-04-10T11:30:31.153+0700][1.596s] GC(3) Concurrent Scan Root Regions
[2023-04-10T11:30:31.155+0700][1.598s] GC(3) Concurrent Scan Root Regions 1.888ms
[2023-04-10T11:30:31.155+0700][1.598s] GC(3) Concurrent Mark
[2023-04-10T11:30:31.155+0700][1.598s] GC(3) Concurrent Mark From Roots
[2023-04-10T11:30:31.155+0700][1.598s] GC(3) Using 2 workers of 2 for marking
[2023-04-10T11:30:31.165+0700][1.607s] GC(3) Concurrent Mark From Roots 9.340ms
[2023-04-10T11:30:31.165+0700][1.607s] GC(3) Concurrent Preclean
[2023-04-10T11:30:31.165+0700][1.607s] GC(3) Concurrent Preclean 0.039ms
[2023-04-10T11:30:31.165+0700][1.607s] GC(3) Pause Remark
[2023-04-10T11:30:31.166+0700][1.609s] GC(3) Pause Remark 25M->25M(512M) 1.275ms
[2023-04-10T11:30:31.166+0700][1.609s] GC(3) User=0.00s Sys=0.00s Real=0.00s
[2023-04-10T11:30:31.166+0700][1.609s] GC(3) Concurrent Mark 10.998ms
[2023-04-10T11:30:31.166+0700][1.609s] GC(3) Concurrent Rebuild Remembered Sets
[2023-04-10T11:30:31.171+0700][1.614s] GC(3) Concurrent Rebuild Remembered Sets 4.992ms
[2023-04-10T11:30:31.172+0700][1.614s] GC(3) Pause Cleanup
[2023-04-10T11:30:31.172+0700][1.614s] GC(3) Pause Cleanup 26M->26M(512M) 0.122ms
[2023-04-10T11:30:31.172+0700][1.614s] GC(3) User=0.00s Sys=0.00s Real=0.00s
[2023-04-10T11:30:31.172+0700][1.614s] GC(3) Concurrent Cleanup for Next Mark
[2023-04-10T11:30:31.172+0700][1.615s] GC(3) Concurrent Cleanup for Next Mark 0.573ms
[2023-04-10T11:30:31.172+0700][1.615s] GC(3) Concurrent Mark Cycle 19.255ms
[2023-04-10T11:30:31.887+0700][2.329s] GC(4) Pause Young (Prepare Mixed) (G1 Evacuation Pause)
[2023-04-10T11:30:31.887+0700][2.329s] GC(4) Using 8 workers of 8 for evacuation
[2023-04-10T11:30:31.890+0700][2.332s] GC(4)   Pre Evacuate Collection Set: 0.0ms
[2023-04-10T11:30:31.890+0700][2.332s] GC(4)   Merge Heap Roots: 0.1ms
[2023-04-10T11:30:31.890+0700][2.332s] GC(4)   Evacuate Collection Set: 2.5ms
[2023-04-10T11:30:31.890+0700][2.332s] GC(4)   Post Evacuate Collection Set: 0.4ms
[2023-04-10T11:30:31.890+0700][2.332s] GC(4)   Other: 0.1ms
[2023-04-10T11:30:31.890+0700][2.332s] GC(4) Eden regions: 76->0(16)
[2023-04-10T11:30:31.890+0700][2.332s] GC(4) Survivor regions: 5->9(11)
[2023-04-10T11:30:31.890+0700][2.332s] GC(4) Old regions: 16->16
[2023-04-10T11:30:31.890+0700][2.332s] GC(4) Archive regions: 0->0
[2023-04-10T11:30:31.890+0700][2.332s] GC(4) Humongous regions: 4->4
[2023-04-10T11:30:31.890+0700][2.332s] GC(4) Metaspace: 32065K(32448K)->32065K(32448K) NonClass: 28431K(28608K)->28431K(28608K) Class: 3633K(3840K)->3633K(3840K)
[2023-04-10T11:30:31.890+0700][2.332s] GC(4) Pause Young (Prepare Mixed) (G1 Evacuation Pause) 100M->28M(512M) 3.266ms
[2023-04-10T11:30:31.890+0700][2.332s] GC(4) User=0.00s Sys=0.00s Real=0.00s
[2023-04-10T11:30:32.058+0700][2.500s] GC(5) Pause Young (Mixed) (G1 Evacuation Pause)
[2023-04-10T11:30:32.058+0700][2.500s] GC(5) Using 8 workers of 8 for evacuation
[2023-04-10T11:30:32.064+0700][2.506s] GC(5)   Pre Evacuate Collection Set: 0.0ms
[2023-04-10T11:30:32.064+0700][2.506s] GC(5)   Merge Heap Roots: 0.1ms
[2023-04-10T11:30:32.064+0700][2.506s] GC(5)   Evacuate Collection Set: 5.3ms
[2023-04-10T11:30:32.064+0700][2.506s] GC(5)   Post Evacuate Collection Set: 0.4ms
[2023-04-10T11:30:32.064+0700][2.506s] GC(5)   Other: 0.1ms
[2023-04-10T11:30:32.064+0700][2.506s] GC(5) Eden regions: 16->0(304)
[2023-04-10T11:30:32.064+0700][2.506s] GC(5) Survivor regions: 9->3(4)
[2023-04-10T11:30:32.064+0700][2.506s] GC(5) Old regions: 16->25
[2023-04-10T11:30:32.064+0700][2.506s] GC(5) Archive regions: 0->0
[2023-04-10T11:30:32.064+0700][2.506s] GC(5) Humongous regions: 4->4
[2023-04-10T11:30:32.064+0700][2.506s] GC(5) Metaspace: 34995K(35392K)->34995K(35392K) NonClass: 30949K(31168K)->30949K(31168K) Class: 4046K(4224K)->4046K(4224K)
[2023-04-10T11:30:32.064+0700][2.506s] GC(5) Pause Young (Mixed) (G1 Evacuation Pause) 44M->30M(512M) 6.088ms
[2023-04-10T11:30:32.064+0700][2.506s] GC(5) User=0.00s Sys=0.00s Real=0.01s
[2023-04-10T11:30:32.132+0700][2.573s] GC(6) Pause Young (Concurrent Start) (Metadata GC Threshold)
[2023-04-10T11:30:32.132+0700][2.573s] GC(6) Using 8 workers of 8 for evacuation
[2023-04-10T11:30:32.134+0700][2.575s] GC(6)   Pre Evacuate Collection Set: 0.1ms
[2023-04-10T11:30:32.134+0700][2.575s] GC(6)   Merge Heap Roots: 0.0ms
[2023-04-10T11:30:32.134+0700][2.575s] GC(6)   Evacuate Collection Set: 1.2ms
[2023-04-10T11:30:32.134+0700][2.575s] GC(6)   Post Evacuate Collection Set: 0.2ms
[2023-04-10T11:30:32.134+0700][2.575s] GC(6)   Other: 0.1ms
[2023-04-10T11:30:32.134+0700][2.575s] GC(6) Eden regions: 10->0(303)
[2023-04-10T11:30:32.134+0700][2.575s] GC(6) Survivor regions: 3->4(39)
[2023-04-10T11:30:32.134+0700][2.575s] GC(6) Old regions: 25->25
[2023-04-10T11:30:32.134+0700][2.575s] GC(6) Archive regions: 0->0
[2023-04-10T11:30:32.134+0700][2.575s] GC(6) Humongous regions: 5->4
[2023-04-10T11:30:32.134+0700][2.575s] GC(6) Metaspace: 36035K(36416K)->36035K(36416K) NonClass: 31850K(32064K)->31850K(32064K) Class: 4184K(4352K)->4184K(4352K)
[2023-04-10T11:30:32.134+0700][2.575s] GC(6) Pause Young (Concurrent Start) (Metadata GC Threshold) 40M->31M(512M) 1.724ms
[2023-04-10T11:30:32.134+0700][2.575s] GC(7) Concurrent Mark Cycle
[2023-04-10T11:30:32.134+0700][2.575s] GC(6) User=0.00s Sys=0.00s Real=0.00s
[2023-04-10T11:30:32.134+0700][2.575s] GC(7) Concurrent Clear Claimed Marks
[2023-04-10T11:30:32.134+0700][2.575s] GC(7) Concurrent Clear Claimed Marks 0.033ms
[2023-04-10T11:30:32.134+0700][2.575s] GC(7) Concurrent Scan Root Regions
[2023-04-10T11:30:32.135+0700][2.577s] GC(7) Concurrent Scan Root Regions 1.296ms
[2023-04-10T11:30:32.135+0700][2.577s] GC(7) Concurrent Mark
[2023-04-10T11:30:32.135+0700][2.577s] GC(7) Concurrent Mark From Roots
[2023-04-10T11:30:32.135+0700][2.577s] GC(7) Using 2 workers of 2 for marking
[2023-04-10T11:30:32.151+0700][2.594s] GC(7) Concurrent Mark From Roots 17.039ms
[2023-04-10T11:30:32.151+0700][2.594s] GC(7) Concurrent Preclean
[2023-04-10T11:30:32.151+0700][2.594s] GC(7) Concurrent Preclean 0.071ms
[2023-04-10T11:30:32.151+0700][2.594s] GC(7) Pause Remark
[2023-04-10T11:30:32.152+0700][2.595s] GC(7) Pause Remark 37M->37M(512M) 1.068ms
[2023-04-10T11:30:32.152+0700][2.595s] GC(7) User=0.00s Sys=0.00s Real=0.00s
[2023-04-10T11:30:32.152+0700][2.595s] GC(7) Concurrent Mark 18.318ms
[2023-04-10T11:30:32.152+0700][2.595s] GC(7) Concurrent Rebuild Remembered Sets
[2023-04-10T11:30:32.163+0700][2.605s] GC(7) Concurrent Rebuild Remembered Sets 10.134ms
[2023-04-10T11:30:32.168+0700][2.609s] GC(7) Pause Cleanup
[2023-04-10T11:30:32.168+0700][2.609s] GC(7) Pause Cleanup 37M->37M(512M) 0.068ms
[2023-04-10T11:30:32.168+0700][2.609s] GC(7) User=0.00s Sys=0.00s Real=0.00s
[2023-04-10T11:30:32.168+0700][2.609s] GC(7) Concurrent Cleanup for Next Mark
[2023-04-10T11:30:32.168+0700][2.610s] GC(7) Concurrent Cleanup for Next Mark 0.238ms
[2023-04-10T11:30:32.168+0700][2.610s] GC(7) Concurrent Mark Cycle 34.483ms
[2023-04-10T13:11:25.299+0700][6055.740s] GC(8) Pause Young (Normal) (G1 Evacuation Pause)
[2023-04-10T13:11:25.299+0700][6055.740s] GC(8) Using 8 workers of 8 for evacuation
[2023-04-10T13:11:25.340+0700][6055.781s] GC(8)   Pre Evacuate Collection Set: 0.4ms
[2023-04-10T13:11:25.340+0700][6055.781s] GC(8)   Merge Heap Roots: 0.1ms
[2023-04-10T13:11:25.340+0700][6055.781s] GC(8)   Evacuate Collection Set: 38.8ms
[2023-04-10T13:11:25.340+0700][6055.781s] GC(8)   Post Evacuate Collection Set: 1.3ms
[2023-04-10T13:11:25.340+0700][6055.781s] GC(8)   Other: 0.3ms
[2023-04-10T13:11:25.340+0700][6055.781s] GC(8) Eden regions: 303->0(283)
[2023-04-10T13:11:25.340+0700][6055.781s] GC(8) Survivor regions: 4->24(39)
[2023-04-10T13:11:25.340+0700][6055.781s] GC(8) Old regions: 25->25
[2023-04-10T13:11:25.340+0700][6055.781s] GC(8) Archive regions: 0->0
[2023-04-10T13:11:25.340+0700][6055.781s] GC(8) Humongous regions: 7->7
[2023-04-10T13:11:25.340+0700][6055.781s] GC(8) Metaspace: 52011K(52544K)->52011K(52544K) NonClass: 45986K(46272K)->45986K(46272K) Class: 6025K(6272K)->6025K(6272K)
[2023-04-10T13:11:25.340+0700][6055.781s] GC(8) Pause Young (Normal) (G1 Evacuation Pause) 337M->54M(512M) 41.298ms
[2023-04-10T13:11:25.340+0700][6055.781s] GC(8) User=0.12s Sys=0.22s Real=0.04s
