[2023-03-16T10:16:42.312+0700][0.011s] CardTable entry size: 512
[2023-03-16T10:16:42.312+0700][0.011s] Using G1
[2023-03-16T10:16:42.459+0700][0.157s] Version: 18.0.1.1+2-6 (release)
[2023-03-16T10:16:42.459+0700][0.157s] CPUs: 8 total, 8 available
[2023-03-16T10:16:42.459+0700][0.157s] Memory: 16251M
[2023-03-16T10:16:42.459+0700][0.157s] Large Page Support: Disabled
[2023-03-16T10:16:42.459+0700][0.157s] NUMA Support: Disabled
[2023-03-16T10:16:42.459+0700][0.157s] Compressed Oops: Enabled (32-bit)
[2023-03-16T10:16:42.459+0700][0.157s] Heap Region Size: 1M
[2023-03-16T10:16:42.459+0700][0.157s] Heap Min Capacity: 512M
[2023-03-16T10:16:42.459+0700][0.157s] Heap Initial Capacity: 512M
[2023-03-16T10:16:42.459+0700][0.157s] Heap Max Capacity: 512M
[2023-03-16T10:16:42.494+0700][0.191s] Pre-touch: Enabled
[2023-03-16T10:16:42.494+0700][0.191s] Parallel Workers: 8
[2023-03-16T10:16:42.494+0700][0.191s] Concurrent Workers: 2
[2023-03-16T10:16:42.494+0700][0.191s] Concurrent Refinement Workers: 8
[2023-03-16T10:16:42.494+0700][0.191s] Periodic GC: Disabled
[2023-03-16T10:16:42.495+0700][0.192s] CDS archive(s) mapped at: [0x0000000800000000-0x0000000800ba0000-0x0000000800ba0000), size 12189696, SharedBaseAddress: 0x0000000800000000, ArchiveRelocationMode: 0.
[2023-03-16T10:16:42.495+0700][0.192s] Compressed class space mapped at: 0x0000000800c00000-0x0000000840c00000, reserved size: 1073741824
[2023-03-16T10:16:42.495+0700][0.192s] Narrow klass base: 0x0000000800000000, Narrow klass shift: 0, Narrow klass range: 0x100000000
[2023-03-16T10:16:43.196+0700][0.895s] GC(0) Pause Young (Normal) (G1 Evacuation Pause)
[2023-03-16T10:16:43.197+0700][0.895s] GC(0) Using 8 workers of 8 for evacuation
[2023-03-16T10:16:43.200+0700][0.898s] GC(0)   Pre Evacuate Collection Set: 0.0ms
[2023-03-16T10:16:43.200+0700][0.898s] GC(0)   Merge Heap Roots: 0.0ms
[2023-03-16T10:16:43.200+0700][0.898s] GC(0)   Evacuate Collection Set: 2.7ms
[2023-03-16T10:16:43.200+0700][0.898s] GC(0)   Post Evacuate Collection Set: 0.3ms
[2023-03-16T10:16:43.200+0700][0.898s] GC(0)   Other: 0.3ms
[2023-03-16T10:16:43.200+0700][0.898s] GC(0) Eden regions: 29->0(39)
[2023-03-16T10:16:43.200+0700][0.898s] GC(0) Survivor regions: 0->4(4)
[2023-03-16T10:16:43.200+0700][0.898s] GC(0) Old regions: 0->2
[2023-03-16T10:16:43.200+0700][0.898s] GC(0) Archive regions: 0->0
[2023-03-16T10:16:43.200+0700][0.898s] GC(0) Humongous regions: 4->4
[2023-03-16T10:16:43.200+0700][0.898s] GC(0) Metaspace: 10104K(10368K)->10104K(10368K) NonClass: 8933K(9088K)->8933K(9088K) Class: 1171K(1280K)->1171K(1280K)
[2023-03-16T10:16:43.200+0700][0.898s] GC(0) Pause Young (Normal) (G1 Evacuation Pause) 33M->9M(512M) 3.682ms
[2023-03-16T10:16:43.200+0700][0.898s] GC(0) User=0.00s Sys=0.00s Real=0.00s
[2023-03-16T10:16:43.591+0700][1.290s] GC(1) Pause Young (Normal) (G1 Evacuation Pause)
[2023-03-16T10:16:43.592+0700][1.290s] GC(1) Using 8 workers of 8 for evacuation
[2023-03-16T10:16:43.597+0700][1.296s] GC(1)   Pre Evacuate Collection Set: 0.0ms
[2023-03-16T10:16:43.597+0700][1.296s] GC(1)   Merge Heap Roots: 0.0ms
[2023-03-16T10:16:43.597+0700][1.296s] GC(1)   Evacuate Collection Set: 5.3ms
[2023-03-16T10:16:43.597+0700][1.296s] GC(1)   Post Evacuate Collection Set: 0.4ms
[2023-03-16T10:16:43.597+0700][1.296s] GC(1)   Other: 0.0ms
[2023-03-16T10:16:43.597+0700][1.296s] GC(1) Eden regions: 35->0(48)
[2023-03-16T10:16:43.597+0700][1.296s] GC(1) Survivor regions: 4->5(5)
[2023-03-16T10:16:43.597+0700][1.296s] GC(1) Old regions: 2->11
[2023-03-16T10:16:43.597+0700][1.296s] GC(1) Archive regions: 0->0
[2023-03-16T10:16:43.598+0700][1.296s] GC(1) Humongous regions: 4->4
[2023-03-16T10:16:43.598+0700][1.296s] GC(1) Metaspace: 15828K(16192K)->15828K(16192K) NonClass: 14013K(14208K)->14013K(14208K) Class: 1814K(1984K)->1814K(1984K)
[2023-03-16T10:16:43.598+0700][1.296s] GC(1) Pause Young (Normal) (G1 Evacuation Pause) 44M->19M(512M) 6.051ms
[2023-03-16T10:16:43.598+0700][1.296s] GC(1) User=0.00s Sys=0.00s Real=0.01s
[2023-03-16T10:16:43.925+0700][1.623s] GC(2) Pause Young (Concurrent Start) (Metadata GC Threshold)
[2023-03-16T10:16:43.925+0700][1.623s] GC(2) Using 8 workers of 8 for evacuation
[2023-03-16T10:16:43.928+0700][1.625s] GC(2)   Pre Evacuate Collection Set: 0.1ms
[2023-03-16T10:16:43.928+0700][1.625s] GC(2)   Merge Heap Roots: 0.0ms
[2023-03-16T10:16:43.928+0700][1.625s] GC(2)   Evacuate Collection Set: 1.9ms
[2023-03-16T10:16:43.928+0700][1.625s] GC(2)   Post Evacuate Collection Set: 0.4ms
[2023-03-16T10:16:43.928+0700][1.625s] GC(2)   Other: 0.1ms
[2023-03-16T10:16:43.928+0700][1.625s] GC(2) Eden regions: 45->0(76)
[2023-03-16T10:16:43.928+0700][1.625s] GC(2) Survivor regions: 5->5(7)
[2023-03-16T10:16:43.928+0700][1.625s] GC(2) Old regions: 11->17
[2023-03-16T10:16:43.928+0700][1.625s] GC(2) Archive regions: 0->0
[2023-03-16T10:16:43.928+0700][1.625s] GC(2) Humongous regions: 4->4
[2023-03-16T10:16:43.928+0700][1.625s] GC(2) Metaspace: 21149K(21504K)->21149K(21504K) NonClass: 18814K(19008K)->18814K(19008K) Class: 2335K(2496K)->2335K(2496K)
[2023-03-16T10:16:43.928+0700][1.625s] GC(2) Pause Young (Concurrent Start) (Metadata GC Threshold) 63M->25M(512M) 2.755ms
[2023-03-16T10:16:43.928+0700][1.625s] GC(2) User=0.12s Sys=0.00s Real=0.00s
[2023-03-16T10:16:43.928+0700][1.626s] GC(3) Concurrent Mark Cycle
[2023-03-16T10:16:43.928+0700][1.626s] GC(3) Concurrent Clear Claimed Marks
[2023-03-16T10:16:43.928+0700][1.626s] GC(3) Concurrent Clear Claimed Marks 0.024ms
[2023-03-16T10:16:43.928+0700][1.626s] GC(3) Concurrent Scan Root Regions
[2023-03-16T10:16:43.930+0700][1.627s] GC(3) Concurrent Scan Root Regions 1.577ms
[2023-03-16T10:16:43.930+0700][1.627s] GC(3) Concurrent Mark
[2023-03-16T10:16:43.930+0700][1.627s] GC(3) Concurrent Mark From Roots
[2023-03-16T10:16:43.930+0700][1.627s] GC(3) Using 2 workers of 2 for marking
[2023-03-16T10:16:43.937+0700][1.634s] GC(3) Concurrent Mark From Roots 7.097ms
[2023-03-16T10:16:43.937+0700][1.634s] GC(3) Concurrent Preclean
[2023-03-16T10:16:43.937+0700][1.634s] GC(3) Concurrent Preclean 0.027ms
[2023-03-16T10:16:43.937+0700][1.634s] GC(3) Pause Remark
[2023-03-16T10:16:43.938+0700][1.636s] GC(3) Pause Remark 26M->26M(512M) 1.068ms
[2023-03-16T10:16:43.938+0700][1.636s] GC(3) User=0.00s Sys=0.00s Real=0.00s
[2023-03-16T10:16:43.938+0700][1.636s] GC(3) Concurrent Mark 8.433ms
[2023-03-16T10:16:43.938+0700][1.636s] GC(3) Concurrent Rebuild Remembered Sets
[2023-03-16T10:16:43.943+0700][1.640s] GC(3) Concurrent Rebuild Remembered Sets 4.417ms
[2023-03-16T10:16:43.943+0700][1.640s] GC(3) Pause Cleanup
[2023-03-16T10:16:43.943+0700][1.640s] GC(3) Pause Cleanup 26M->26M(512M) 0.123ms
[2023-03-16T10:16:43.943+0700][1.640s] GC(3) User=0.00s Sys=0.00s Real=0.00s
[2023-03-16T10:16:43.943+0700][1.640s] GC(3) Concurrent Cleanup for Next Mark
[2023-03-16T10:16:43.943+0700][1.641s] GC(3) Concurrent Cleanup for Next Mark 0.279ms
[2023-03-16T10:16:43.943+0700][1.641s] GC(3) Concurrent Mark Cycle 15.250ms
[2023-03-16T10:16:44.686+0700][2.384s] GC(4) Pause Young (Normal) (G1 Evacuation Pause)
[2023-03-16T10:16:44.686+0700][2.384s] GC(4) Using 8 workers of 8 for evacuation
[2023-03-16T10:16:44.689+0700][2.387s] GC(4)   Pre Evacuate Collection Set: 0.0ms
[2023-03-16T10:16:44.689+0700][2.387s] GC(4)   Merge Heap Roots: 0.0ms
[2023-03-16T10:16:44.689+0700][2.387s] GC(4)   Evacuate Collection Set: 2.8ms
[2023-03-16T10:16:44.689+0700][2.387s] GC(4)   Post Evacuate Collection Set: 0.4ms
[2023-03-16T10:16:44.689+0700][2.387s] GC(4)   Other: 0.1ms
[2023-03-16T10:16:44.689+0700][2.387s] GC(4) Eden regions: 76->0(298)
[2023-03-16T10:16:44.689+0700][2.387s] GC(4) Survivor regions: 5->9(11)
[2023-03-16T10:16:44.689+0700][2.387s] GC(4) Old regions: 17->17
[2023-03-16T10:16:44.689+0700][2.387s] GC(4) Archive regions: 0->0
[2023-03-16T10:16:44.689+0700][2.387s] GC(4) Humongous regions: 4->4
[2023-03-16T10:16:44.689+0700][2.387s] GC(4) Metaspace: 32096K(32512K)->32096K(32512K) NonClass: 28457K(28672K)->28457K(28672K) Class: 3638K(3840K)->3638K(3840K)
[2023-03-16T10:16:44.689+0700][2.387s] GC(4) Pause Young (Normal) (G1 Evacuation Pause) 101M->28M(512M) 3.685ms
[2023-03-16T10:16:44.689+0700][2.388s] GC(4) User=0.00s Sys=0.00s Real=0.00s
[2023-03-16T10:16:44.907+0700][2.605s] GC(5) Pause Young (Concurrent Start) (Metadata GC Threshold)
[2023-03-16T10:16:44.907+0700][2.605s] GC(5) Using 8 workers of 8 for evacuation
[2023-03-16T10:16:44.912+0700][2.609s] GC(5)   Pre Evacuate Collection Set: 0.1ms
[2023-03-16T10:16:44.912+0700][2.609s] GC(5)   Merge Heap Roots: 0.0ms
[2023-03-16T10:16:44.912+0700][2.609s] GC(5)   Evacuate Collection Set: 3.4ms
[2023-03-16T10:16:44.912+0700][2.609s] GC(5)   Post Evacuate Collection Set: 0.5ms
[2023-03-16T10:16:44.912+0700][2.609s] GC(5)   Other: 0.1ms
[2023-03-16T10:16:44.912+0700][2.609s] GC(5) Eden regions: 22->0(295)
[2023-03-16T10:16:44.912+0700][2.609s] GC(5) Survivor regions: 9->12(39)
[2023-03-16T10:16:44.912+0700][2.609s] GC(5) Old regions: 17->17
[2023-03-16T10:16:44.912+0700][2.609s] GC(5) Archive regions: 0->0
[2023-03-16T10:16:44.912+0700][2.609s] GC(5) Humongous regions: 5->4
[2023-03-16T10:16:44.912+0700][2.609s] GC(5) Metaspace: 35771K(36160K)->35771K(36160K) NonClass: 31625K(31808K)->31625K(31808K) Class: 4145K(4352K)->4145K(4352K)
[2023-03-16T10:16:44.912+0700][2.609s] GC(5) Pause Young (Concurrent Start) (Metadata GC Threshold) 51M->31M(512M) 4.276ms
[2023-03-16T10:16:44.912+0700][2.609s] GC(6) Concurrent Mark Cycle
[2023-03-16T10:16:44.912+0700][2.609s] GC(5) User=0.05s Sys=0.02s Real=0.00s
[2023-03-16T10:16:44.912+0700][2.609s] GC(6) Concurrent Clear Claimed Marks
[2023-03-16T10:16:44.912+0700][2.609s] GC(6) Concurrent Clear Claimed Marks 0.047ms
[2023-03-16T10:16:44.912+0700][2.609s] GC(6) Concurrent Scan Root Regions
[2023-03-16T10:16:44.914+0700][2.612s] GC(6) Concurrent Scan Root Regions 2.622ms
[2023-03-16T10:16:44.914+0700][2.612s] GC(6) Concurrent Mark
[2023-03-16T10:16:44.914+0700][2.612s] GC(6) Concurrent Mark From Roots
[2023-03-16T10:16:44.914+0700][2.612s] GC(6) Using 2 workers of 2 for marking
[2023-03-16T10:16:44.928+0700][2.625s] GC(6) Concurrent Mark From Roots 13.271ms
[2023-03-16T10:16:44.928+0700][2.625s] GC(6) Concurrent Preclean
[2023-03-16T10:16:44.928+0700][2.625s] GC(6) Concurrent Preclean 0.051ms
[2023-03-16T10:16:44.928+0700][2.625s] GC(6) Pause Remark
[2023-03-16T10:16:44.929+0700][2.627s] GC(6) Pause Remark 32M->32M(512M) 1.398ms
[2023-03-16T10:16:44.929+0700][2.627s] GC(6) User=0.00s Sys=0.00s Real=0.00s
[2023-03-16T10:16:44.929+0700][2.627s] GC(6) Concurrent Mark 14.926ms
[2023-03-16T10:16:44.929+0700][2.627s] GC(6) Concurrent Rebuild Remembered Sets
[2023-03-16T10:16:44.935+0700][2.633s] GC(6) Concurrent Rebuild Remembered Sets 5.904ms
[2023-03-16T10:16:44.935+0700][2.633s] GC(6) Pause Cleanup
[2023-03-16T10:16:44.936+0700][2.633s] GC(6) Pause Cleanup 33M->33M(512M) 0.072ms
[2023-03-16T10:16:44.936+0700][2.633s] GC(6) User=0.00s Sys=0.00s Real=0.00s
[2023-03-16T10:16:44.936+0700][2.633s] GC(6) Concurrent Cleanup for Next Mark
[2023-03-16T10:16:44.936+0700][2.633s] GC(6) Concurrent Cleanup for Next Mark 0.287ms
[2023-03-16T10:16:44.936+0700][2.633s] GC(6) Concurrent Mark Cycle 24.158ms
[2023-03-16T11:03:43.597+0700][2821.295s] Heap
[2023-03-16T11:03:43.597+0700][2821.295s]  garbage-first heap   total 524288K, used 217355K [0x00000000e0000000, 0x0000000100000000)
[2023-03-16T11:03:43.597+0700][2821.295s]   region size 1024K, 190 young (194560K), 12 survivors (12288K)
[2023-03-16T11:03:43.597+0700][2821.295s]  Metaspace       used 49364K, committed 49856K, reserved 1114112K
[2023-03-16T11:03:43.597+0700][2821.295s]   class space    used 5714K, committed 5952K, reserved 1048576K
